###############################################################################
#
# IAR ELF Linker V9.20.2.320/W64 for ARM                  24/Oct/2023  18:02:57
# Copyright 2007-2021 IAR Systems AB.
#
#    Output file  =
#        C:\Users\rozzie\dev\cygnet\System\EWARM\cygnet\Exe\cygnet.out
#    Map file     =
#        C:\Users\rozzie\dev\cygnet\System\EWARM\cygnet\List\cygnet.map
#    Command line =
#        -f C:\Users\rozzie\dev\cygnet\System\EWARM\cygnet\Exe\cygnet.out.rsp
#        (C:\Users\rozzie\dev\cygnet\System\EWARM\cygnet\Obj\Core\adc.o
#        C:\Users\rozzie\dev\cygnet\System\EWARM\cygnet\Obj\Core\app_weak.o
#        C:\Users\rozzie\dev\cygnet\System\EWARM\cygnet\Obj\Core\can.o
#        C:\Users\rozzie\dev\cygnet\System\EWARM\cygnet\Obj\Middlewares\FreeRTOS\cmsis_os2.o
#        C:\Users\rozzie\dev\cygnet\System\EWARM\cygnet\Obj\Middlewares\FreeRTOS\croutine.o
#        C:\Users\rozzie\dev\cygnet\System\EWARM\cygnet\Obj\Core\debug_if.o
#        C:\Users\rozzie\dev\cygnet\System\EWARM\cygnet\Obj\EWARM\dlib_lock_glue.o
#        C:\Users\rozzie\dev\cygnet\System\EWARM\cygnet\Obj\Core\dma.o
#        C:\Users\rozzie\dev\cygnet\System\EWARM\cygnet\Obj\Middlewares\FreeRTOS\event_groups.o
#        C:\Users\rozzie\dev\cygnet\System\EWARM\cygnet\Obj\Core\flash_if.o
#        C:\Users\rozzie\dev\cygnet\System\EWARM\cygnet\Obj\Core\gpio.o
#        C:\Users\rozzie\dev\cygnet\System\EWARM\cygnet\Obj\Core\heap_4.o
#        C:\Users\rozzie\dev\cygnet\System\EWARM\cygnet\Obj\Core\i2c.o
#        C:\Users\rozzie\dev\cygnet\System\EWARM\cygnet\Obj\Middlewares\FreeRTOS\list.o
#        C:\Users\rozzie\dev\cygnet\System\EWARM\cygnet\Obj\Core\lptim.o
#        C:\Users\rozzie\dev\cygnet\System\EWARM\cygnet\Obj\Core\main.o
#        C:\Users\rozzie\dev\cygnet\System\EWARM\cygnet\Obj\Middlewares\FreeRTOS\port.o
#        C:\Users\rozzie\dev\cygnet\System\EWARM\cygnet\Obj\Middlewares\FreeRTOS\portasm.o
#        C:\Users\rozzie\dev\cygnet\System\EWARM\cygnet\Obj\Middlewares\FreeRTOS\queue.o
#        C:\Users\rozzie\dev\cygnet\System\EWARM\cygnet\Obj\Core\rng.o
#        C:\Users\rozzie\dev\cygnet\System\EWARM\cygnet\Obj\Core\rtc.o
#        C:\Users\rozzie\dev\cygnet\System\EWARM\cygnet\Obj\Core\spi.o
#        C:\Users\rozzie\dev\cygnet\System\EWARM\cygnet\Obj\EWARM\startup_stm32l433xx.o
#        C:\Users\rozzie\dev\cygnet\System\EWARM\cygnet\Obj\Utilities\stm32_lpm.o
#        C:\Users\rozzie\dev\cygnet\System\EWARM\cygnet\Obj\Core\stm32_lpm_if.o
#        C:\Users\rozzie\dev\cygnet\System\EWARM\cygnet\Obj\Utilities\stm32_mem.o
#        C:\Users\rozzie\dev\cygnet\System\EWARM\cygnet\Obj\Utilities\stm32_systime.o
#        C:\Users\rozzie\dev\cygnet\System\EWARM\cygnet\Obj\Utilities\stm32_timer.o
#        C:\Users\rozzie\dev\cygnet\System\EWARM\cygnet\Obj\Drivers\STM32L4xx_HAL_Driver\stm32l4xx_hal.o
#        C:\Users\rozzie\dev\cygnet\System\EWARM\cygnet\Obj\Drivers\STM32L4xx_HAL_Driver\stm32l4xx_hal_adc.o
#        C:\Users\rozzie\dev\cygnet\System\EWARM\cygnet\Obj\Drivers\STM32L4xx_HAL_Driver\stm32l4xx_hal_adc_ex.o
#        C:\Users\rozzie\dev\cygnet\System\EWARM\cygnet\Obj\Drivers\STM32L4xx_HAL_Driver\stm32l4xx_hal_can.o
#        C:\Users\rozzie\dev\cygnet\System\EWARM\cygnet\Obj\Drivers\STM32L4xx_HAL_Driver\stm32l4xx_hal_cortex.o
#        C:\Users\rozzie\dev\cygnet\System\EWARM\cygnet\Obj\Drivers\STM32L4xx_HAL_Driver\stm32l4xx_hal_dma.o
#        C:\Users\rozzie\dev\cygnet\System\EWARM\cygnet\Obj\Drivers\STM32L4xx_HAL_Driver\stm32l4xx_hal_dma_ex.o
#        C:\Users\rozzie\dev\cygnet\System\EWARM\cygnet\Obj\Drivers\STM32L4xx_HAL_Driver\stm32l4xx_hal_exti.o
#        C:\Users\rozzie\dev\cygnet\System\EWARM\cygnet\Obj\Drivers\STM32L4xx_HAL_Driver\stm32l4xx_hal_flash.o
#        C:\Users\rozzie\dev\cygnet\System\EWARM\cygnet\Obj\Drivers\STM32L4xx_HAL_Driver\stm32l4xx_hal_flash_ex.o
#        C:\Users\rozzie\dev\cygnet\System\EWARM\cygnet\Obj\Drivers\STM32L4xx_HAL_Driver\stm32l4xx_hal_flash_ramfunc.o
#        C:\Users\rozzie\dev\cygnet\System\EWARM\cygnet\Obj\Drivers\STM32L4xx_HAL_Driver\stm32l4xx_hal_gpio.o
#        C:\Users\rozzie\dev\cygnet\System\EWARM\cygnet\Obj\Drivers\STM32L4xx_HAL_Driver\stm32l4xx_hal_i2c.o
#        C:\Users\rozzie\dev\cygnet\System\EWARM\cygnet\Obj\Drivers\STM32L4xx_HAL_Driver\stm32l4xx_hal_lptim.o
#        C:\Users\rozzie\dev\cygnet\System\EWARM\cygnet\Obj\Core\stm32l4xx_hal_msp.o
#        C:\Users\rozzie\dev\cygnet\System\EWARM\cygnet\Obj\Drivers\STM32L4xx_HAL_Driver\stm32l4xx_hal_pcd.o
#        C:\Users\rozzie\dev\cygnet\System\EWARM\cygnet\Obj\Drivers\STM32L4xx_HAL_Driver\stm32l4xx_hal_pcd_ex.o
#        C:\Users\rozzie\dev\cygnet\System\EWARM\cygnet\Obj\Drivers\STM32L4xx_HAL_Driver\stm32l4xx_hal_pwr.o
#        C:\Users\rozzie\dev\cygnet\System\EWARM\cygnet\Obj\Drivers\STM32L4xx_HAL_Driver\stm32l4xx_hal_pwr_ex.o
#        C:\Users\rozzie\dev\cygnet\System\EWARM\cygnet\Obj\Drivers\STM32L4xx_HAL_Driver\stm32l4xx_hal_rcc.o
#        C:\Users\rozzie\dev\cygnet\System\EWARM\cygnet\Obj\Drivers\STM32L4xx_HAL_Driver\stm32l4xx_hal_rcc_ex.o
#        C:\Users\rozzie\dev\cygnet\System\EWARM\cygnet\Obj\Drivers\STM32L4xx_HAL_Driver\stm32l4xx_hal_rng.o
#        C:\Users\rozzie\dev\cygnet\System\EWARM\cygnet\Obj\Drivers\STM32L4xx_HAL_Driver\stm32l4xx_hal_rtc.o
#        C:\Users\rozzie\dev\cygnet\System\EWARM\cygnet\Obj\Drivers\STM32L4xx_HAL_Driver\stm32l4xx_hal_rtc_ex.o
#        C:\Users\rozzie\dev\cygnet\System\EWARM\cygnet\Obj\Drivers\STM32L4xx_HAL_Driver\stm32l4xx_hal_spi.o
#        C:\Users\rozzie\dev\cygnet\System\EWARM\cygnet\Obj\Drivers\STM32L4xx_HAL_Driver\stm32l4xx_hal_tim.o
#        C:\Users\rozzie\dev\cygnet\System\EWARM\cygnet\Obj\Drivers\STM32L4xx_HAL_Driver\stm32l4xx_hal_tim_ex.o
#        C:\Users\rozzie\dev\cygnet\System\EWARM\cygnet\Obj\Core\stm32l4xx_hal_timebase_tim.o
#        C:\Users\rozzie\dev\cygnet\System\EWARM\cygnet\Obj\Drivers\STM32L4xx_HAL_Driver\stm32l4xx_hal_uart.o
#        C:\Users\rozzie\dev\cygnet\System\EWARM\cygnet\Obj\Drivers\STM32L4xx_HAL_Driver\stm32l4xx_hal_uart_ex.o
#        C:\Users\rozzie\dev\cygnet\System\EWARM\cygnet\Obj\Drivers\STM32L4xx_HAL_Driver\stm32l4xx_hal_wwdg.o
#        C:\Users\rozzie\dev\cygnet\System\EWARM\cygnet\Obj\Core\stm32l4xx_it.o
#        C:\Users\rozzie\dev\cygnet\System\EWARM\cygnet\Obj\Drivers\STM32L4xx_HAL_Driver\stm32l4xx_ll_usb.o
#        C:\Users\rozzie\dev\cygnet\System\EWARM\cygnet\Obj\Middlewares\FreeRTOS\stream_buffer.o
#        C:\Users\rozzie\dev\cygnet\System\EWARM\cygnet\Obj\Drivers\CMSIS\system_stm32l4xx.o
#        C:\Users\rozzie\dev\cygnet\System\EWARM\cygnet\Obj\Middlewares\FreeRTOS\tasks.o
#        C:\Users\rozzie\dev\cygnet\System\EWARM\cygnet\Obj\Core\timer_if.o
#        C:\Users\rozzie\dev\cygnet\System\EWARM\cygnet\Obj\Middlewares\FreeRTOS\timers.o
#        C:\Users\rozzie\dev\cygnet\System\EWARM\cygnet\Obj\Core\usart.o
#        C:\Users\rozzie\dev\cygnet\System\EWARM\cygnet\Obj\Core\usb.o
#        C:\Users\rozzie\dev\cygnet\System\EWARM\cygnet\Obj\Core\wwdg.o
#        --no_out_extension -o
#        C:\Users\rozzie\dev\cygnet\System\EWARM\cygnet\Exe\cygnet.out
#        --redirect _Printf=_PrintfLargeNoMb --redirect _Scanf=_ScanfFullNoMb
#        --map C:\Users\rozzie\dev\cygnet\System\EWARM\cygnet\List\cygnet.map
#        --config C:\Users\rozzie\dev\cygnet\System\EWARM/stm32l433xx_flash.icf
#        --semihosting --entry __iar_program_start --vfe --threaded_lib
#        --text_out locale)
#
###############################################################################

*******************************************************************************
*** RUNTIME MODEL ATTRIBUTES
***

CppFlavor                     = *
__CPP_Runtime                 = 1
__Heap_Handler                = DLMalloc
__SystemLibrary               = DLib
__dlib_dynamic_initialization = normal
__dlib_version                = 6


*******************************************************************************
*** HEAP SELECTION
***

The advanced heap was selected because the application calls memory
allocation functions outside of system library functions, and there
are calls to deallocation functions in the application.


*******************************************************************************
*** PLACEMENT SUMMARY
***

"A0":  place at address 0x800'0000 { ro section .intvec };
define block ROM_CONTENT with fixed order { ro };
"P1":  place in [from 0x800'0000 to 0x803'ffff] { block ROM_CONTENT };
define block CSTACK with size = 1K, alignment = 8 { };
define block HEAP with size = 512, alignment = 8 { };
"P2":  place in [from 0x2000'0000 to 0x2000'ffff] {
          rw, block CSTACK, block HEAP };
initialize by copy { rw };

  Section                 Kind         Address    Size  Object
  -------                 ----         -------    ----  ------
"A0":                                            0x18c
  .intvec                 ro code   0x800'0000   0x18c  startup_stm32l433xx.o [4]
                                  - 0x800'018c   0x18c

"P1":                                           0x77c0
  ROM_CONTENT                       0x800'018c  0x77c0  <Block>
    .rodata               const     0x800'018c     0x4  heap_4.o [1]
    .rodata               const     0x800'0190     0x4  port.o [5]
    .rodata               const     0x800'0194    0x10  system_stm32l4xx.o [2]
    .rodata               const     0x800'01a4     0x8  system_stm32l4xx.o [2]
    .rodata               const     0x800'01ac    0x30  system_stm32l4xx.o [2]
    .rodata               const     0x800'01dc     0x8  tasks.o [5]
    .rodata               const     0x800'01e4    0x2c  timer_if.o [1]
    .rodata               const     0x800'0210     0x8  timers.o [5]
    .rodata               const     0x800'0218     0x8  timers.o [5]
    .text                 ro code   0x800'0220    0xbc  cmsis_os2.o [5]
    .text                 ro code   0x800'02dc   0xa9c  tasks.o [5]
    .text                 ro code   0x800'0d78   0x228  port.o [5]
    .text                 ro code   0x800'0fa0    0x66  ABImemset.o [9]
    .text                 ro code   0x800'1006    0x9a  list.o [5]
    .text                 ro code   0x800'10a0    0x18  cmsis_os2.o [5]
    .text                 ro code   0x800'10b8   0x4d4  timers.o [5]
    .text                 ro code   0x800'158c   0x160  port.o [5]
    .text                 ro code   0x800'16ec    0xf4  heap_4.o [1]
    .text                 ro code   0x800'17e0    0x70  port.o [5]
    CODE                  ro code   0x800'1850    0xb0  portasm.o [5]
    .text                 ro code   0x800'1900    0x18  cmsis_os2.o [5]
    .text                 ro code   0x800'1918   0x774  queue.o [5]
    .text                 ro code   0x800'208c     0x2  app_weak.o [1]
    .text                 ro code   0x800'208e     0x2  app_weak.o [1]
    .text                 ro code   0x800'2090    0xa6  ABImemcpy.o [9]
    .text                 ro code   0x800'2136    0x2a  copy_init3.o [9]
    .text                 ro code   0x800'2160    0x7c  debug_if.o [1]
    .text                 ro code   0x800'21dc    0x70  stm32l4xx_hal.o [3]
    .text                 ro code   0x800'224c   0x204  stm32l4xx_hal_gpio.o [3]
    .text                 ro code   0x800'2450   0x114  stm32l4xx_hal_cortex.o [3]
    .text                 ro code   0x800'2564    0xda  stm32l4xx_hal_timebase_tim.o [1]
    .text                 ro code   0x800'2640    0x40  stm32l4xx_hal_msp.o [1]
    .text                 ro code   0x800'2680   0xa04  stm32l4xx_hal_rcc.o [3]
    .text                 ro code   0x800'3084   0x2c8  stm32l4xx_hal_tim.o [3]
    .text                 ro code   0x800'334c    0x18  stm32l4xx_hal.o [3]
    .text                 ro code   0x800'3364   0x1b8  timer_if.o [1]
    .text                 ro code   0x800'351c    0x94  stm32l4xx_hal_pwr_ex.o [3]
    .text                 ro code   0x800'35b0     0x2  stm32l4xx_hal_tim.o [3]
    .text                 ro code   0x800'35b2     0x2  stm32l4xx_hal_tim.o [3]
    .text                 ro code   0x800'35b4     0x2  stm32l4xx_hal_tim.o [3]
    .text                 ro code   0x800'35b6     0x2  stm32l4xx_hal_tim.o [3]
    .text                 ro code   0x800'35b8     0x2  stm32l4xx_hal_tim_ex.o [3]
    .text                 ro code   0x800'35ba     0x2  stm32l4xx_hal_tim_ex.o [3]
    .text                 ro code   0x800'35bc     0x2  stm32l4xx_hal_tim.o [3]
    .text                 ro code   0x800'35be     0x2  stm32l4xx_hal_tim_ex.o [3]
    .text                 ro code   0x800'35c0   0x122  rtc.o [1]
    .text                 ro code   0x800'36e4   0x6c4  stm32l4xx_hal_rtc.o [3]
    .text                 ro code   0x800'3da8   0x17c  stm32l4xx_hal_rtc_ex.o [3]
    .text                 ro code   0x800'3f24   0x222  stm32l4xx_it.o [1]
    .text                 ro code   0x800'4148   0x230  I64DivMod.o [9]
    .text                 ro code   0x800'4378   0x1f4  stm32_timer.o [6]
    .text                 ro code   0x800'456c   0x4f8  stm32l4xx_hal_rcc_ex.o [3]
    .text                 ro code   0x800'4a64     0x2  app_weak.o [1]
    .text                 ro code   0x800'4a66     0x2  stm32l4xx_hal_rtc_ex.o [3]
    .text                 ro code   0x800'4a68    0xca  stm32l4xx_hal_lptim.o [3]
    .text                 ro code   0x800'4b32   0xc7a  stm32l4xx_hal_pcd.o [3]
    .text                 ro code   0x800'57ac   0x224  stm32l4xx_hal_can.o [3]
    .text                 ro code   0x800'59d0   0x77a  stm32l4xx_hal_i2c.o [3]
    .text                 ro code   0x800'614c   0x3e2  stm32l4xx_hal_uart.o [3]
    .text                 ro code   0x800'6530   0x140  stm32l4xx_hal_spi.o [3]
    .text                 ro code   0x800'6670   0x1aa  stm32l4xx_hal_dma.o [3]
    .text                 ro code   0x800'681a     0x2  app_weak.o [1]
    .text                 ro code   0x800'681c     0x2  I64DivZer.o [9]
    .text                 ro code   0x800'681e     0x2  stm32l4xx_hal_lptim.o [3]
    .text                 ro code   0x800'6820     0x2  stm32l4xx_hal_lptim.o [3]
    .text                 ro code   0x800'6822     0x2  stm32l4xx_hal_lptim.o [3]
    .text                 ro code   0x800'6824     0x2  stm32l4xx_hal_lptim.o [3]
    .text                 ro code   0x800'6826     0x2  stm32l4xx_hal_lptim.o [3]
    .text                 ro code   0x800'6828     0x2  stm32l4xx_hal_lptim.o [3]
    .text                 ro code   0x800'682a     0x2  stm32l4xx_hal_lptim.o [3]
    .text                 ro code   0x800'682c   0x8ce  stm32l4xx_ll_usb.o [3]
    .text                 ro code   0x800'70fa     0x2  stm32l4xx_hal_pcd.o [3]
    .text                 ro code   0x800'70fc     0x2  stm32l4xx_hal_pcd_ex.o [3]
    .text                 ro code   0x800'70fe     0x2  stm32l4xx_hal_pcd.o [3]
    .text                 ro code   0x800'7100     0x2  stm32l4xx_hal_pcd.o [3]
    .text                 ro code   0x800'7102     0x2  stm32l4xx_hal_pcd.o [3]
    .text                 ro code   0x800'7104     0x2  stm32l4xx_hal_pcd.o [3]
    .text                 ro code   0x800'7106     0x2  stm32l4xx_hal_pcd.o [3]
    .text                 ro code   0x800'7108     0x2  stm32l4xx_hal_pcd.o [3]
    .text                 ro code   0x800'710a     0x2  stm32l4xx_hal_can.o [3]
    .text                 ro code   0x800'710c     0x2  stm32l4xx_hal_can.o [3]
    .text                 ro code   0x800'710e     0x2  stm32l4xx_hal_can.o [3]
    .text                 ro code   0x800'7110     0x2  stm32l4xx_hal_can.o [3]
    .text                 ro code   0x800'7112     0x2  stm32l4xx_hal_can.o [3]
    .text                 ro code   0x800'7114     0x2  stm32l4xx_hal_can.o [3]
    .text                 ro code   0x800'7116     0x2  stm32l4xx_hal_can.o [3]
    .text                 ro code   0x800'7118     0x2  stm32l4xx_hal_can.o [3]
    .text                 ro code   0x800'711a     0x2  stm32l4xx_hal_can.o [3]
    .text                 ro code   0x800'711c     0x2  stm32l4xx_hal_can.o [3]
    .text                 ro code   0x800'711e     0x2  stm32l4xx_hal_can.o [3]
    .text                 ro code   0x800'7120     0x2  stm32l4xx_hal_can.o [3]
    .text                 ro code   0x800'7122     0x2  stm32l4xx_hal_can.o [3]
    .text                 ro code   0x800'7124     0x2  stm32l4xx_hal_i2c.o [3]
    .text                 ro code   0x800'7126     0x2  stm32l4xx_hal_i2c.o [3]
    .text                 ro code   0x800'7128     0x2  stm32l4xx_hal_i2c.o [3]
    .text                 ro code   0x800'712a     0x2  stm32l4xx_hal_i2c.o [3]
    .text                 ro code   0x800'712c     0x2  stm32l4xx_hal_i2c.o [3]
    .text                 ro code   0x800'712e     0x2  stm32l4xx_hal_i2c.o [3]
    .text                 ro code   0x800'7130     0x2  stm32l4xx_hal_uart.o [3]
    .text                 ro code   0x800'7132     0x2  stm32l4xx_hal_uart.o [3]
    .text                 ro code   0x800'7134     0x2  stm32l4xx_hal_uart_ex.o [3]
    .text                 ro code   0x800'7138    0x68  usart.o [1]
    .text                 ro code   0x800'71a0     0x2  stm32l4xx_hal_spi.o [3]
    .text                 ro code   0x800'71a4   0x200  dlib_lock_glue.o [4]
    .text                 ro code   0x800'73a4    0x84  xsyslock_mtx.o [11]
    .text                 ro code   0x800'7428     0x4  xfiles.o [7]
    .text                 ro code   0x800'742c    0x14  xlockref.o [7]
    .text                 ro code   0x800'7440    0x30  dma.o [1]
    .text                 ro code   0x800'7470   0x140  gpio.o [1]
    .text                 ro code   0x800'75b0   0x174  main.o [1]
    .text                 ro code   0x800'7724     0x2  app_weak.o [1]
    .text                 ro code   0x800'7728    0x10  stm32l4xx_hal_pwr.o [3]
    .text                 ro code   0x800'7738    0x10  startup_stm32l433xx.o [4]
    .text                 ro code   0x800'7748    0x10  system_stm32l4xx.o [2]
    .text                 ro code   0x800'7758    0x1c  cstartup_M.o [9]
    .text                 ro code   0x800'7774    0x22  fpinit_M.o [8]
    .text                 ro code   0x800'7798    0x1e  cmain.o [9]
    .text                 ro code   0x800'77b6     0x4  low_level_init.o [7]
    .text                 ro code   0x800'77bc    0x28  data_init.o [9]
    .text                 ro code   0x800'77e4     0x4  exit.o [7]
    .text                 ro code   0x800'77e8     0xe  cexit.o [9]
    .text                 ro code   0x800'77f8    0x14  exit.o [10]
    .text                 ro code   0x800'780c     0x0  cstart_clearlocks.o [9]
    .text                 ro code   0x800'780c    0x20  cmain_call_ctors.o [9]
    .text                 ro code   0x800'782c    0x18  cppinit.o [7]
    SHT$$PREINIT_ARRAY              0x800'7844     0x0  <Block>
    SHT$$INIT_ARRAY                 0x800'7844     0x4  <Block>
      .init_array         const     0x800'7844     0x4  dlib_lock_glue.o [4]
    __iar_tls$$INIT_ARRAY
                                    0x800'7848     0x0  <Block>
    Initializer bytes     const     0x800'7848    0x18  <for P2-1>
    .text                 ro code   0x800'7860     0x4  startup_stm32l433xx.o [4]
    .text                 ro code   0x800'7864     0x4  startup_stm32l433xx.o [4]
    .text                 ro code   0x800'7868     0x4  startup_stm32l433xx.o [4]
    .text                 ro code   0x800'786c     0x4  startup_stm32l433xx.o [4]
    .text                 ro code   0x800'7870     0x4  startup_stm32l433xx.o [4]
    .text                 ro code   0x800'7874     0x4  startup_stm32l433xx.o [4]
    .text                 ro code   0x800'7878     0x4  startup_stm32l433xx.o [4]
    .text                 ro code   0x800'787c     0x4  startup_stm32l433xx.o [4]
    .text                 ro code   0x800'7880     0x4  startup_stm32l433xx.o [4]
    .text                 ro code   0x800'7884     0x4  startup_stm32l433xx.o [4]
    .text                 ro code   0x800'7888     0x4  startup_stm32l433xx.o [4]
    .text                 ro code   0x800'788c     0x4  startup_stm32l433xx.o [4]
    .text                 ro code   0x800'7890     0x4  startup_stm32l433xx.o [4]
    .text                 ro code   0x800'7894     0x4  startup_stm32l433xx.o [4]
    .text                 ro code   0x800'7898     0x4  startup_stm32l433xx.o [4]
    .text                 ro code   0x800'789c     0x4  startup_stm32l433xx.o [4]
    .text                 ro code   0x800'78a0     0x4  startup_stm32l433xx.o [4]
    .text                 ro code   0x800'78a4     0x4  startup_stm32l433xx.o [4]
    .text                 ro code   0x800'78a8     0x4  startup_stm32l433xx.o [4]
    .text                 ro code   0x800'78ac     0x4  startup_stm32l433xx.o [4]
    .text                 ro code   0x800'78b0     0x4  startup_stm32l433xx.o [4]
    .text                 ro code   0x800'78b4     0x4  startup_stm32l433xx.o [4]
    .text                 ro code   0x800'78b8     0x4  startup_stm32l433xx.o [4]
    .text                 ro code   0x800'78bc     0x4  startup_stm32l433xx.o [4]
    .text                 ro code   0x800'78c0     0x4  startup_stm32l433xx.o [4]
    .text                 ro code   0x800'78c4     0x4  startup_stm32l433xx.o [4]
    .text                 ro code   0x800'78c8     0x4  startup_stm32l433xx.o [4]
    .text                 ro code   0x800'78cc     0x4  startup_stm32l433xx.o [4]
    .text                 ro code   0x800'78d0     0x4  startup_stm32l433xx.o [4]
    .text                 ro code   0x800'78d4     0x4  startup_stm32l433xx.o [4]
    .text                 ro code   0x800'78d8     0x4  startup_stm32l433xx.o [4]
    .text                 ro code   0x800'78dc     0x4  startup_stm32l433xx.o [4]
    .text                 ro code   0x800'78e0     0x4  startup_stm32l433xx.o [4]
    .text                 ro code   0x800'78e4     0x4  startup_stm32l433xx.o [4]
    .text                 ro code   0x800'78e8     0x4  startup_stm32l433xx.o [4]
    .text                 ro code   0x800'78ec    0x38  zero_init3.o [9]
    .iar.init_table       const     0x800'7924    0x28  - Linker created -
    .rodata               const     0x800'794c     0x0  zero_init3.o [9]
    .rodata               const     0x800'794c     0x0  copy_init3.o [9]
                                  - 0x800'794c  0x77c0

"P2", part 1 of 3:                                0x18
  P2-1                             0x2000'0000    0x15  <Init block>
    .data                 inited   0x2000'0000     0x4  port.o [5]
    .data                 inited   0x2000'0004     0x4  rtc.o [1]
    .data                 inited   0x2000'0008     0x4  rtc.o [1]
    .data                 inited   0x2000'000c     0x4  stm32l4xx_hal.o [3]
    .data                 inited   0x2000'0010     0x4  system_stm32l4xx.o [2]
    .data                 inited   0x2000'0014     0x1  stm32l4xx_hal.o [3]
                                 - 0x2000'0015    0x15

"P2", part 2 of 3:                              0x1860
  .bss                    zero     0x2000'0018   0x460  tasks.o [5]
  .bss                    zero     0x2000'0478   0x400  cmsis_os2.o [5]
  .bss                    zero     0x2000'0878   0x2f8  usb.o [1]
  .bss                    zero     0x2000'0b70   0x200  cmsis_os2.o [5]
  .bss                    zero     0x2000'0e00   0x194  main.o [1]
  .bss                    zero     0x2000'0f94    0xa0  timers.o [5]
  .bss                    zero     0x2000'1034    0x88  usart.o [1]
  .bss                    zero     0x2000'10bc    0x88  usart.o [1]
  .bss                    zero     0x2000'1144    0x88  usart.o [1]
  .bss                    zero     0x2000'11cc    0x64  spi.o [1]
  .bss                    zero     0x2000'1230    0x64  spi.o [1]
  .bss                    zero     0x2000'1294    0x5c  cmsis_os2.o [5]
  .bss                    zero     0x2000'12f0    0x5c  cmsis_os2.o [5]
  .bss                    zero     0x2000'134c    0x54  i2c.o [1]
  .bss                    zero     0x2000'13a0    0x54  i2c.o [1]
  .bss                    zero     0x2000'13f4    0x50  timers.o [5]
  .bss                    zero     0x2000'1444    0x4c  stm32l4xx_hal_timebase_tim.o [1]
  .bss                    zero     0x2000'1490    0x48  spi.o [1]
  .bss                    zero     0x2000'14d8    0x48  spi.o [1]
  .bss                    zero     0x2000'1520    0x48  usart.o [1]
  .bss                    zero     0x2000'1568    0x48  usart.o [1]
  .bss                    zero     0x2000'15b0    0x48  usart.o [1]
  .bss                    zero     0x2000'15f8    0x48  usart.o [1]
  .bss                    zero     0x2000'1640    0x40  queue.o [5]
  .bss                    zero     0x2000'1680    0x38  lptim.o [1]
  .bss                    zero     0x2000'16b8    0x28  can.o [1]
  .bss                    zero     0x2000'16e0    0x24  rtc.o [1]
  .bss                    zero     0x2000'1704    0x20  xfiles.o [7]
  .bss                    zero     0x2000'1724    0x14  tasks.o [5]
  .bss                    zero     0x2000'1738    0x14  tasks.o [5]
  .bss                    zero     0x2000'174c    0x14  tasks.o [5]
  .bss                    zero     0x2000'1760    0x14  tasks.o [5]
  .bss                    zero     0x2000'1774    0x14  tasks.o [5]
  .bss                    zero     0x2000'1788    0x14  timers.o [5]
  .bss                    zero     0x2000'179c    0x14  timers.o [5]
  .bss                    zero     0x2000'17b0    0x10  xsyslock_mtx.o [11]
  .bss                    zero     0x2000'17c0     0xc  dlib_lock_glue.o [4]
  .bss                    zero     0x2000'17cc     0xc  dlib_lock_glue.o [4]
  .bss                    zero     0x2000'17d8     0x8  heap_4.o [1]
  .bss                    zero     0x2000'17e0     0x4  cmsis_os2.o [5]
  .bss                    zero     0x2000'17e4     0x4  heap_4.o [1]
  .bss                    zero     0x2000'17e8     0x4  heap_4.o [1]
  .bss                    zero     0x2000'17ec     0x4  heap_4.o [1]
  .bss                    zero     0x2000'17f0     0x4  heap_4.o [1]
  .bss                    zero     0x2000'17f4     0x4  port.o [5]
  .bss                    zero     0x2000'17f8     0x4  port.o [5]
  .bss                    zero     0x2000'17fc     0x4  port.o [5]
  .bss                    zero     0x2000'1800     0x4  port.o [5]
  .bss                    zero     0x2000'1804     0x4  rtc.o [1]
  .bss                    zero     0x2000'1808     0x4  stm32_timer.o [6]
  .bss                    zero     0x2000'180c     0x4  stm32l4xx_hal.o [3]
  .bss                    zero     0x2000'1810     0x4  tasks.o [5]
  .bss                    zero     0x2000'1814     0x4  tasks.o [5]
  .bss                    zero     0x2000'1818     0x4  tasks.o [5]
  .bss                    zero     0x2000'181c     0x4  tasks.o [5]
  .bss                    zero     0x2000'1820     0x4  tasks.o [5]
  .bss                    zero     0x2000'1824     0x4  tasks.o [5]
  .bss                    zero     0x2000'1828     0x4  tasks.o [5]
  .bss                    zero     0x2000'182c     0x4  tasks.o [5]
  .bss                    zero     0x2000'1830     0x4  tasks.o [5]
  .bss                    zero     0x2000'1834     0x4  tasks.o [5]
  .bss                    zero     0x2000'1838     0x4  tasks.o [5]
  .bss                    zero     0x2000'183c     0x4  tasks.o [5]
  .bss                    zero     0x2000'1840     0x4  tasks.o [5]
  .bss                    zero     0x2000'1844     0x4  tasks.o [5]
  .bss                    zero     0x2000'1848     0x4  tasks.o [5]
  .bss                    zero     0x2000'184c     0x4  timer_if.o [1]
  .bss                    zero     0x2000'1850     0x4  timer_if.o [1]
  .bss                    zero     0x2000'1854     0x4  timers.o [5]
  .bss                    zero     0x2000'1858     0x4  timers.o [5]
  .bss                    zero     0x2000'185c     0x4  timers.o [5]
  .bss                    zero     0x2000'1860     0x4  timers.o [5]
  .bss                    zero     0x2000'1864     0x4  timers.o [5]
  .bss                    zero     0x2000'1868     0x4  usart.o [1]
  .bss                    zero     0x2000'186c     0x4  usart.o [1]
  .bss                    zero     0x2000'1870     0x4  usart.o [1]
  .bss                    zero     0x2000'1874     0x1  port.o [5]
  .bss                    zero     0x2000'1875     0x1  timer_if.o [1]
                                 - 0x2000'1876  0x185e

"P2", part 3 of 3:                               0x4c0
  .noinit                 uninit   0x2000'1878    0x80  dlib_lock_glue.o [4]
  .noinit                 uninit   0x2000'18f8    0x40  dlib_lock_glue.o [4]
  CSTACK                           0x2000'1938   0x400  <Block>
    CSTACK                uninit   0x2000'1938   0x400  <Block tail>
                                 - 0x2000'1d38   0x4c0

Unused ranges:

         From           To      Size
         ----           --      ----
   0x800'794c   0x803'ffff  0x3'86b4
  0x2000'1d38  0x2000'ffff    0xe2c8


*******************************************************************************
*** INIT TABLE
***

          Address      Size
          -------      ----
Zero (__iar_zero_init3)
    1 destination range, total size 0x185e:
          0x2000'0018  0x185e

Copy (__iar_copy_init3)
    1 source range, total size 0x18 (114% of destination):
           0x800'7848    0x18
    1 destination range, total size 0x15:
          0x2000'0000    0x15

Extra (__iar_cstart_call_ctors)



*******************************************************************************
*** MODULE SUMMARY
***

    Module                        ro code  ro data  rw data
    ------                        -------  -------  -------
command line/config:
    -------------------------------------------------------
    Total:

C:\Users\rozzie\dev\cygnet\System\EWARM\cygnet\Obj\Core: [1]
    app_weak.o                         10
    can.o                                                40
    debug_if.o                        124
    dma.o                              48
    gpio.o                            320
    heap_4.o                          244        4       24
    i2c.o                                               168
    lptim.o                                              56
    main.o                            372               404
    rtc.o                             290        8       48
    spi.o                                               344
    stm32l4xx_hal_msp.o                64
    stm32l4xx_hal_timebase_tim.o      218                76
    stm32l4xx_it.o                    546
    timer_if.o                        440       44        9
    usart.o                           104               708
    usb.o                                               760
    -------------------------------------------------------
    Total:                          2'780       56    2'637

C:\Users\rozzie\dev\cygnet\System\EWARM\cygnet\Obj\Drivers\CMSIS: [2]
    system_stm32l4xx.o                 16       76        4
    -------------------------------------------------------
    Total:                             16       76        4

C:\Users\rozzie\dev\cygnet\System\EWARM\cygnet\Obj\Drivers\STM32L4xx_HAL_Driver: [3]
    stm32l4xx_hal.o                   136        5        9
    stm32l4xx_hal_can.o               574
    stm32l4xx_hal_cortex.o            276
    stm32l4xx_hal_dma.o               426
    stm32l4xx_hal_gpio.o              516
    stm32l4xx_hal_i2c.o             1'926
    stm32l4xx_hal_lptim.o             216
    stm32l4xx_hal_pcd.o             3'208
    stm32l4xx_hal_pcd_ex.o              2
    stm32l4xx_hal_pwr.o                16
    stm32l4xx_hal_pwr_ex.o            148
    stm32l4xx_hal_rcc.o             2'564
    stm32l4xx_hal_rcc_ex.o          1'272
    stm32l4xx_hal_rtc.o             1'732
    stm32l4xx_hal_rtc_ex.o            382
    stm32l4xx_hal_spi.o               322
    stm32l4xx_hal_tim.o               722
    stm32l4xx_hal_tim_ex.o              6
    stm32l4xx_hal_uart.o              998
    stm32l4xx_hal_uart_ex.o             2
    stm32l4xx_ll_usb.o              2'254
    -------------------------------------------------------
    Total:                         17'698        5        9

C:\Users\rozzie\dev\cygnet\System\EWARM\cygnet\Obj\EWARM: [4]
    dlib_lock_glue.o                  512        4      216
    startup_stm32l433xx.o             552
    -------------------------------------------------------
    Total:                          1'064        4      216

C:\Users\rozzie\dev\cygnet\System\EWARM\cygnet\Obj\Middlewares\FreeRTOS: [5]
    cmsis_os2.o                       236             1'724
    list.o                            154
    port.o                          1'016        8       21
    portasm.o                         176
    queue.o                         1'908                64
    tasks.o                         2'716        8    1'280
    timers.o                        1'236       16      300
    -------------------------------------------------------
    Total:                          7'442       32    3'389

C:\Users\rozzie\dev\cygnet\System\EWARM\cygnet\Obj\Utilities: [6]
    stm32_timer.o                     500                 4
    -------------------------------------------------------
    Total:                            500                 4

dl7M_tlf.a: [7]
    cppinit.o                          24
    exit.o                              4
    low_level_init.o                    4
    xfiles.o                            4                32
    xlockref.o                         20
    -------------------------------------------------------
    Total:                             56                32

m7M_tls.a: [8]
    fpinit_M.o                         34
    -------------------------------------------------------
    Total:                             34

rt7M_tl.a: [9]
    ABImemcpy.o                       166
    ABImemset.o                       102
    I64DivMod.o                       560
    I64DivZer.o                         2
    cexit.o                            14
    cmain.o                            30
    cmain_call_ctors.o                 32
    copy_init3.o                       42
    cstart_clearlocks.o
    cstartup_M.o                       28
    data_init.o                        40
    zero_init3.o                       56
    -------------------------------------------------------
    Total:                          1'072

shb_l.a: [10]
    exit.o                             20
    -------------------------------------------------------
    Total:                             20

th7M_tlf.a: [11]
    xsyslock_mtx.o                    132                16
    -------------------------------------------------------
    Total:                            132                16

    Gaps                               22               144
    Linker created                              43    1'024
-----------------------------------------------------------
    Grand Total:                   30'836      216    7'475


*******************************************************************************
*** ENTRY LIST
***

Entry                       Address   Size  Type      Object
-----                       -------   ----  ----      ------
.iar.init_table$$Base    0x800'7924          --   Gb  - Linker created -
.iar.init_table$$Limit   0x800'794c          --   Gb  - Linker created -
?main                    0x800'7799         Code  Gb  cmain.o [9]
AHBPrescTable            0x800'0194   0x10  Data  Gb  system_stm32l4xx.o [2]
APBPrescTable            0x800'01a4    0x8  Data  Gb  system_stm32l4xx.o [2]
BusFault_Handler         0x800'3f63    0xc  Code  Gb  stm32l4xx_it.o [1]
CAN1_RX0_IRQHandler      0x800'3fc1    0xa  Code  Gb  stm32l4xx_it.o [1]
CAN1_RX1_IRQHandler      0x800'3fcb    0xa  Code  Gb  stm32l4xx_it.o [1]
CAN1_SCE_IRQHandler      0x800'3fd5    0xa  Code  Gb  stm32l4xx_it.o [1]
CAN1_TX_IRQHandler       0x800'3fb7    0xa  Code  Gb  stm32l4xx_it.o [1]
CSTACK$$Base            0x2000'1938          --   Gb  - Linker created -
CSTACK$$Limit           0x2000'1d38          --   Gb  - Linker created -
DMA1_Channel4_IRQHandler
                         0x800'4039    0xa  Code  Gb  stm32l4xx_it.o [1]
DMA1_Channel5_IRQHandler
                         0x800'4043    0xa  Code  Gb  stm32l4xx_it.o [1]
DMA1_Channel6_IRQHandler
                         0x800'404d    0xa  Code  Gb  stm32l4xx_it.o [1]
DMA1_Channel7_IRQHandler
                         0x800'4057    0xa  Code  Gb  stm32l4xx_it.o [1]
DMA2_Channel6_IRQHandler
                         0x800'4061    0xa  Code  Gb  stm32l4xx_it.o [1]
DMA2_Channel7_IRQHandler
                         0x800'406b    0xa  Code  Gb  stm32l4xx_it.o [1]
DebugMon_Handler         0x800'3f77    0x2  Code  Gb  stm32l4xx_it.o [1]
EXTI0_IRQHandler         0x800'40fd    0xa  Code  Gb  stm32l4xx_it.o [1]
EXTI15_10_IRQHandler     0x800'413b    0xc  Code  Gb  stm32l4xx_it.o [1]
EXTI1_IRQHandler         0x800'4107    0xa  Code  Gb  stm32l4xx_it.o [1]
EXTI2_IRQHandler         0x800'4111    0xa  Code  Gb  stm32l4xx_it.o [1]
EXTI3_IRQHandler         0x800'411b    0xa  Code  Gb  stm32l4xx_it.o [1]
EXTI4_IRQHandler         0x800'4125    0xa  Code  Gb  stm32l4xx_it.o [1]
EXTI9_5_IRQHandler       0x800'412f    0xc  Code  Gb  stm32l4xx_it.o [1]
Error_Handler            0x800'3f79    0xc  Code  Gb  stm32l4xx_it.o [1]
GPIO_EXTI_IRQHandler     0x800'4083   0x24  Code  Gb  stm32l4xx_it.o [1]
GetTimerTicks            0x800'34a3   0x52  Code  Lc  timer_if.o [1]
GetTimerTicks::lastTick
                        0x2000'1850    0x4  Data  Lc  timer_if.o [1]
HAL_CAN_IRQHandler       0x800'57ad  0x224  Code  Gb  stm32l4xx_hal_can.o [3]
HAL_DBGMCU_DisableDBGSleepMode
                         0x800'220d    0xc  Code  Gb  stm32l4xx_hal.o [3]
HAL_DBGMCU_DisableDBGStandbyMode
                         0x800'223d    0xc  Code  Gb  stm32l4xx_hal.o [3]
HAL_DBGMCU_DisableDBGStopMode
                         0x800'2225    0xc  Code  Gb  stm32l4xx_hal.o [3]
HAL_DBGMCU_EnableDBGSleepMode
                         0x800'2201    0xc  Code  Gb  stm32l4xx_hal.o [3]
HAL_DBGMCU_EnableDBGStandbyMode
                         0x800'2231    0xc  Code  Gb  stm32l4xx_hal.o [3]
HAL_DBGMCU_EnableDBGStopMode
                         0x800'2219    0xc  Code  Gb  stm32l4xx_hal.o [3]
HAL_DMA_Abort            0x800'6671   0x54  Code  Gb  stm32l4xx_hal_dma.o [3]
HAL_DMA_Abort_IT         0x800'66c5   0x5e  Code  Gb  stm32l4xx_hal_dma.o [3]
HAL_DMA_GetState         0x800'6815    0x6  Code  Gb  stm32l4xx_hal_dma.o [3]
HAL_DMA_IRQHandler       0x800'6723   0xf2  Code  Gb  stm32l4xx_hal_dma.o [3]
HAL_GPIO_EXTI_Callback   0x800'4075    0xe  Code  Gb  stm32l4xx_it.o [1]
HAL_GPIO_Init            0x800'224d  0x1c2  Code  Gb  stm32l4xx_hal_gpio.o [3]
HAL_GPIO_WritePin        0x800'240f   0x18  Code  Gb  stm32l4xx_hal_gpio.o [3]
HAL_GetTick              0x800'34f5   0x14  Code  Gb  timer_if.o [1]
HAL_I2C_ER_IRQHandler    0x800'59ef   0x66  Code  Gb  stm32l4xx_hal_i2c.o [3]
HAL_I2C_EV_IRQHandler    0x800'59d1   0x1e  Code  Gb  stm32l4xx_hal_i2c.o [3]
HAL_IncTick              0x800'334d   0x18  Code  Wk  stm32l4xx_hal.o [3]
HAL_Init                 0x800'21dd   0x24  Code  Gb  stm32l4xx_hal.o [3]
HAL_InitTick             0x800'2565   0xb6  Code  Gb  stm32l4xx_hal_timebase_tim.o [1]
HAL_LPTIM_IRQHandler     0x800'4a69   0xca  Code  Gb  stm32l4xx_hal_lptim.o [3]
HAL_MspInit              0x800'2641   0x40  Code  Gb  stm32l4xx_hal_msp.o [1]
HAL_NVIC_EnableIRQ       0x800'2541    0xe  Code  Gb  stm32l4xx_hal_cortex.o [3]
HAL_NVIC_SetPriority     0x800'2517   0x2a  Code  Gb  stm32l4xx_hal_cortex.o [3]
HAL_NVIC_SetPriorityGrouping
                         0x800'250b    0xc  Code  Gb  stm32l4xx_hal_cortex.o [3]
HAL_PCDEx_LPM_Callback   0x800'70fd    0x2  Code  Wk  stm32l4xx_hal_pcd_ex.o [3]
HAL_PCD_EP_DB_Receive    0x800'51ff  0x148  Code  Lc  stm32l4xx_hal_pcd.o [3]
HAL_PCD_EP_DB_Transmit   0x800'5347  0x466  Code  Lc  stm32l4xx_hal_pcd.o [3]
HAL_PCD_IRQHandler       0x800'4b33  0x1a2  Code  Gb  stm32l4xx_hal_pcd.o [3]
HAL_PCD_SetAddress       0x800'4cd5   0x30  Code  Gb  stm32l4xx_hal_pcd.o [3]
HAL_PWREx_ControlVoltageScaling
                         0x800'3529   0x76  Code  Gb  stm32l4xx_hal_pwr_ex.o [3]
HAL_PWREx_GetVoltageRange
                         0x800'351d    0xc  Code  Gb  stm32l4xx_hal_pwr_ex.o [3]
HAL_PWR_EnableBkUpAccess
                         0x800'7729    0xc  Code  Gb  stm32l4xx_hal_pwr.o [3]
HAL_RCCEx_EnableMSIPLLMode
                         0x800'48cd    0xe  Code  Gb  stm32l4xx_hal_rcc_ex.o [3]
HAL_RCCEx_PeriphCLKConfig
                         0x800'456d  0x34c  Code  Gb  stm32l4xx_hal_rcc_ex.o [3]
HAL_RCC_ClockConfig      0x800'2d09  0x17a  Code  Gb  stm32l4xx_hal_rcc.o [3]
HAL_RCC_GetClockConfig   0x800'2f77   0x34  Code  Gb  stm32l4xx_hal_rcc.o [3]
HAL_RCC_GetHCLKFreq      0x800'2f57    0x6  Code  Gb  stm32l4xx_hal_rcc.o [3]
HAL_RCC_GetPCLK1Freq     0x800'2f5d   0x1a  Code  Gb  stm32l4xx_hal_rcc.o [3]
HAL_RCC_GetSysClockFreq
                         0x800'2e83   0xd4  Code  Gb  stm32l4xx_hal_rcc.o [3]
HAL_RCC_OscConfig        0x800'2681  0x688  Code  Gb  stm32l4xx_hal_rcc.o [3]
HAL_RTCEx_AlarmBEventCallback
                         0x800'4a67    0x2  Code  Wk  stm32l4xx_hal_rtc_ex.o [3]
HAL_RTCEx_BKUPWrite      0x800'3f0d   0x18  Code  Gb  stm32l4xx_hal_rtc_ex.o [3]
HAL_RTCEx_EnableBypassShadow
                         0x800'3eb7   0x48  Code  Gb  stm32l4xx_hal_rtc_ex.o [3]
HAL_RTCEx_SetWakeUpTimer_IT
                         0x800'3da9   0xda  Code  Gb  stm32l4xx_hal_rtc_ex.o [3]
HAL_RTCEx_WakeUpTimerEventCallback
                         0x800'36d9    0xa  Code  Gb  rtc.o [1]
HAL_RTCEx_WakeUpTimerIRQHandler
                         0x800'3e83   0x34  Code  Gb  stm32l4xx_hal_rtc_ex.o [3]
HAL_RTC_AlarmAEventCallback
                         0x800'3489    0xa  Code  Gb  timer_if.o [1]
HAL_RTC_AlarmIRQHandler
                         0x800'3c3d   0x60  Code  Gb  stm32l4xx_hal_rtc.o [3]
HAL_RTC_DeactivateAlarm
                         0x800'3b63   0xda  Code  Gb  stm32l4xx_hal_rtc.o [3]
HAL_RTC_Init             0x800'36e5   0xca  Code  Gb  stm32l4xx_hal_rtc.o [3]
HAL_RTC_MspInit          0x800'3621   0x76  Code  Gb  rtc.o [1]
HAL_RTC_SetAlarm         0x800'37af  0x1ce  Code  Gb  stm32l4xx_hal_rtc.o [3]
HAL_RTC_SetAlarm_IT      0x800'397d  0x1e6  Code  Gb  stm32l4xx_hal_rtc.o [3]
HAL_RTC_WaitForSynchro   0x800'3c9d   0x2e  Code  Gb  stm32l4xx_hal_rtc.o [3]
HAL_SPI_IRQHandler       0x800'6531  0x128  Code  Gb  stm32l4xx_hal_spi.o [3]
HAL_TIMEx_Break2Callback
                         0x800'35bb    0x2  Code  Wk  stm32l4xx_hal_tim_ex.o [3]
HAL_TIMEx_BreakCallback
                         0x800'35b9    0x2  Code  Wk  stm32l4xx_hal_tim_ex.o [3]
HAL_TIMEx_CommutCallback
                         0x800'35bf    0x2  Code  Wk  stm32l4xx_hal_tim_ex.o [3]
HAL_TIM_Base_Init        0x800'3085   0x7a  Code  Gb  stm32l4xx_hal_tim.o [3]
HAL_TIM_Base_Start_IT    0x800'30ff   0x70  Code  Gb  stm32l4xx_hal_tim.o [3]
HAL_TIM_IRQHandler       0x800'317d  0x154  Code  Gb  stm32l4xx_hal_tim.o [3]
HAL_TIM_PeriodElapsedCallback
                         0x800'262d   0x12  Code  Gb  stm32l4xx_hal_timebase_tim.o [1]
HAL_UARTEx_WakeupCallback
                         0x800'7135    0x2  Code  Wk  stm32l4xx_hal_uart_ex.o [3]
HAL_UART_IRQHandler      0x800'614d  0x336  Code  Gb  stm32l4xx_hal_uart.o [3]
HAL_UART_TxCpltCallback
                         0x800'7139   0x4e  Code  Gb  usart.o [1]
HardFault_Handler        0x800'3f4b    0xc  Code  Gb  stm32l4xx_it.o [1]
I2C1_ER_IRQHandler       0x800'3fe9    0xa  Code  Gb  stm32l4xx_it.o [1]
I2C1_EV_IRQHandler       0x800'3fdf    0xa  Code  Gb  stm32l4xx_it.o [1]
I2C3_ER_IRQHandler       0x800'3ffd    0xa  Code  Gb  stm32l4xx_it.o [1]
I2C3_EV_IRQHandler       0x800'3ff3    0xa  Code  Gb  stm32l4xx_it.o [1]
I2C_DMAAbort             0x800'609d   0x26  Code  Lc  stm32l4xx_hal_i2c.o [3]
I2C_Disable_IRQ          0x800'60d1   0x7a  Code  Lc  stm32l4xx_hal_i2c.o [3]
I2C_Flush_TXDR           0x800'6077   0x24  Code  Lc  stm32l4xx_hal_i2c.o [3]
I2C_ITAddrCplt           0x800'5b99   0xdc  Code  Lc  stm32l4xx_hal_i2c.o [3]
I2C_ITError              0x800'5ef7  0x14a  Code  Lc  stm32l4xx_hal_i2c.o [3]
I2C_ITListenCplt         0x800'5e8d   0x6a  Code  Lc  stm32l4xx_hal_i2c.o [3]
I2C_ITSlaveCplt          0x800'5cf9  0x192  Code  Lc  stm32l4xx_hal_i2c.o [3]
I2C_ITSlaveSeqCplt       0x800'5c75   0x80  Code  Lc  stm32l4xx_hal_i2c.o [3]
I2C_Slave_ISR_IT         0x800'5a55  0x144  Code  Lc  stm32l4xx_hal_i2c.o [3]
I2C_TreatErrorCallback   0x800'6041   0x36  Code  Lc  stm32l4xx_hal_i2c.o [3]
KernelState             0x2000'17e0    0x4  Data  Lc  cmsis_os2.o [5]
LL_RTC_TIME_GetSubSecond
                         0x800'3365    0x6  Code  Lc  timer_if.o [1]
LPTIM1_IRQHandler        0x800'3fa3    0xa  Code  Gb  stm32l4xx_it.o [1]
LPUART1_IRQHandler       0x800'4007    0xa  Code  Gb  stm32l4xx_it.o [1]
MSIRangeTable            0x800'01ac   0x30  Data  Gb  system_stm32l4xx.o [2]
MX_Breakpoint            0x800'2161    0xe  Code  Gb  debug_if.o [1]
MX_DBG_Active            0x800'216f    0xa  Code  Gb  debug_if.o [1]
MX_DBG_Init              0x800'2179   0x5e  Code  Gb  debug_if.o [1]
MX_DMA_Init              0x800'7441   0x2c  Code  Gb  dma.o [1]
MX_GPIO_Init             0x800'7471   0xec  Code  Gb  gpio.o [1]
MX_GPIO_Stop             0x800'755d   0x40  Code  Gb  gpio.o [1]
MX_ImageSize             0x800'7705    0x4  Code  Gb  main.o [1]
MX_RTC_Init              0x800'35c1   0x60  Code  Gb  rtc.o [1]
MX_RTC_ResetWakeupTimer
                         0x800'3697   0x22  Code  Gb  rtc.o [1]
MemManage_Handler        0x800'3f57    0xc  Code  Gb  stm32l4xx_it.o [1]
NMI_Handler              0x800'3f3f    0xc  Code  Gb  stm32l4xx_it.o [1]
NVIC_EncodePriority      0x800'24cb   0x40  Code  Lc  stm32l4xx_hal_cortex.o [3]
PCD_EP_ISR_Handler       0x800'4d05  0x4fa  Code  Lc  stm32l4xx_hal_pcd.o [3]
PendSV_Handler           0x800'1851         Code  Gb  portasm.o [5]
PeriphCommonClock_Config
                         0x800'76c5   0x40  Code  Gb  main.o [1]
RCCEx_PLLSAI1_Config     0x800'48db  0x16e  Code  Lc  stm32l4xx_hal_rcc_ex.o [3]
RCC_SetFlashLatencyFromMSIRange
                         0x800'2fc1   0x8a  Code  Lc  stm32l4xx_hal_rcc.o [3]
ROM_CONTENT$$Base        0x800'018c          --   Gb  - Linker created -
ROM_CONTENT$$Limit       0x800'794c         Data  Gb  - Linker created -
RTC_Alarm_IRQHandler     0x800'3f8f    0xa  Code  Gb  stm32l4xx_it.o [1]
RTC_ByteToBcd2           0x800'3d8d   0x1c  Code  Gb  stm32l4xx_hal_rtc.o [3]
RTC_EnterInitMode        0x800'3ccb   0x4c  Code  Gb  stm32l4xx_hal_rtc.o [3]
RTC_ExitInitMode         0x800'3d17   0x58  Code  Gb  stm32l4xx_hal_rtc.o [3]
RTC_WKUP_IRQHandler      0x800'3f99    0xa  Code  Gb  stm32l4xx_it.o [1]
Region$$Table$$Base      0x800'7924          --   Gb  - Linker created -
Region$$Table$$Limit     0x800'794c          --   Gb  - Linker created -
RtcTimerContext         0x2000'184c    0x4  Data  Lc  timer_if.o [1]
SHT$$INIT_ARRAY$$Base    0x800'7844          --   Gb  - Linker created -
SHT$$INIT_ARRAY$$Limit   0x800'7848          --   Gb  - Linker created -
SHT$$PREINIT_ARRAY$$Base
                         0x800'7844          --   Gb  - Linker created -
SHT$$PREINIT_ARRAY$$Limit
                         0x800'7844          --   Gb  - Linker created -
SPI1_IRQHandler          0x800'4025    0xa  Code  Gb  stm32l4xx_it.o [1]
SPI2_IRQHandler          0x800'402f    0xa  Code  Gb  stm32l4xx_it.o [1]
SPI_DMAAbortOnError      0x800'6659   0x18  Code  Lc  stm32l4xx_hal_spi.o [3]
SVC_Handler              0x800'18a9         Code  Gb  portasm.o [5]
SVC_Setup                0x800'0267    0xe  Code  Lc  cmsis_os2.o [5]
SysTick_Handler          0x800'0251   0x16  Code  Gb  cmsis_os2.o [5]
SystemClock_Config       0x800'760f   0xb6  Code  Gb  main.o [1]
SystemCoreClock         0x2000'0010    0x4  Data  Gb  system_stm32l4xx.o [2]
SystemInit               0x800'7749    0xc  Code  Gb  system_stm32l4xx.o [2]
TIM2_IRQHandler          0x800'3f85    0xa  Code  Gb  stm32l4xx_it.o [1]
TIMER_IF_BkUp_Write_MSBticks
                         0x800'3493   0x10  Code  Lc  timer_if.o [1]
TIMER_IF_Convert_Tick2ms
                         0x800'3473   0x16  Code  Gb  timer_if.o [1]
TIMER_IF_Convert_ms2Tick
                         0x800'3455   0x1e  Code  Gb  timer_if.o [1]
TIMER_IF_GetMinimumTimeout
                         0x800'344f    0x6  Code  Gb  timer_if.o [1]
TIMER_IF_GetTimerContext
                         0x800'3421    0x6  Code  Gb  timer_if.o [1]
TIMER_IF_GetTimerElapsedTime
                         0x800'3427   0x12  Code  Gb  timer_if.o [1]
TIMER_IF_GetTimerValue   0x800'3439   0x16  Code  Gb  timer_if.o [1]
TIMER_IF_Init            0x800'336b   0x3a  Code  Gb  timer_if.o [1]
TIMER_IF_SetTimerContext
                         0x800'3413    0xe  Code  Gb  timer_if.o [1]
TIMER_IF_StartTimer      0x800'33a5   0x4a  Code  Gb  timer_if.o [1]
TIMER_IF_StopTimer       0x800'33ef   0x24  Code  Gb  timer_if.o [1]
TIM_Base_SetConfig       0x800'32d1   0x6e  Code  Gb  stm32l4xx_hal_tim.o [3]
TimerExists              0x800'44d1   0x1a  Code  Gb  stm32_timer.o [6]
TimerInsertNewHeadTimer
                         0x800'4545   0x1c  Code  Gb  stm32_timer.o [6]
TimerInsertTimer         0x800'4517   0x2e  Code  Gb  stm32_timer.o [6]
TimerListHead           0x2000'1808    0x4  Data  Lc  stm32_timer.o [6]
TimerSetTimeout          0x800'44eb   0x2c  Code  Gb  stm32_timer.o [6]
TxCpltCallback_LPUART1  0x2000'1868    0x4  Data  Gb  usart.o [1]
TxCpltCallback_USART1   0x2000'186c    0x4  Data  Gb  usart.o [1]
TxCpltCallback_USART2   0x2000'1870    0x4  Data  Gb  usart.o [1]
UART_DMAAbortOnError     0x800'64eb   0x1a  Code  Lc  stm32l4xx_hal_uart.o [3]
UART_EndRxTransfer       0x800'648d   0x5e  Code  Lc  stm32l4xx_hal_uart.o [3]
UART_EndTransmit_IT      0x800'6505   0x2a  Code  Lc  stm32l4xx_hal_uart.o [3]
USART1_IRQHandler        0x800'4011    0xa  Code  Gb  stm32l4xx_it.o [1]
USART2_IRQHandler        0x800'401b    0xa  Code  Gb  stm32l4xx_it.o [1]
USB_EPStartXfer          0x800'682d  0x814  Code  Gb  stm32l4xx_ll_usb.o [3]
USB_IRQHandler           0x800'3fad    0xa  Code  Gb  stm32l4xx_it.o [1]
USB_ReadInterrupts       0x800'7055    0x8  Code  Gb  stm32l4xx_ll_usb.o [3]
USB_ReadPMA              0x800'70a5   0x56  Code  Gb  stm32l4xx_ll_usb.o [3]
USB_SetDevAddress        0x800'7041   0x14  Code  Gb  stm32l4xx_ll_usb.o [3]
USB_WritePMA             0x800'705d   0x48  Code  Gb  stm32l4xx_ll_usb.o [3]
UTIL_TIMER_IRQ_Handler   0x800'4415   0xbc  Code  Gb  stm32_timer.o [6]
UTIL_TIMER_Start         0x800'4379   0x9c  Code  Gb  stm32_timer.o [6]
UTIL_TimerDriver         0x800'01e4   0x2c  Data  Gb  timer_if.o [1]
UsageFault_Handler       0x800'3f6f    0x8  Code  Gb  stm32l4xx_it.o [1]
__NVIC_EnableIRQ         0x800'2481   0x1e  Code  Lc  stm32l4xx_hal_cortex.o [3]
__NVIC_GetPriorityGrouping
                         0x800'2473    0xc  Code  Lc  stm32l4xx_hal_cortex.o [3]
__NVIC_SetPriority       0x800'0221   0x30  Code  Lc  cmsis_os2.o [5]
__NVIC_SetPriority       0x800'249f   0x2c  Code  Lc  stm32l4xx_hal_cortex.o [3]
__NVIC_SetPriorityGrouping
                         0x800'2451   0x22  Code  Lc  stm32l4xx_hal_cortex.o [3]
__NVIC_SystemReset       0x800'3f25   0x1a  Code  Lc  stm32l4xx_it.o [1]
__aeabi_ldiv0            0x800'681d         Code  Gb  I64DivZer.o [9]
__aeabi_memcpy           0x800'2091         Code  Gb  ABImemcpy.o [9]
__aeabi_memcpy4          0x800'20b1         Code  Gb  ABImemcpy.o [9]
__aeabi_memcpy8          0x800'20b1         Code  Gb  ABImemcpy.o [9]
__aeabi_memset           0x800'0fa1         Code  Gb  ABImemset.o [9]
__aeabi_uldivmod         0x800'4149         Code  Gb  I64DivMod.o [9]
__call_ctors             0x800'782d   0x18  Code  Gb  cppinit.o [7]
__cexit_clearlocks       0x800'77eb         Code  Gb  cexit.o [9]
__cmain                  0x800'7799         Code  Gb  cmain.o [9]
__cstart_clearlocks      0x800'780c         Data  Gb  cstart_clearlocks.o [9]
__dlib_thread_safety_init
                         0x800'7239   0x48  Code  Gb  dlib_lock_glue.o [4]
__exit                   0x800'77f9   0x14  Code  Gb  exit.o [10]
__iar_Initlocks          0x800'73ed   0x36  Code  Gb  xsyslock_mtx.o [11]
__iar_Memset             0x800'0fa1         Code  Gb  ABImemset.o [9]
__iar_Memset_word        0x800'0fa9         Code  Gb  ABImemset.o [9]
__iar_clearlocks         0x800'73a5   0x48  Code  Gb  xsyslock_mtx.o [11]
__iar_copy_init3         0x800'2137   0x2a  Code  Gb  copy_init3.o [9]
__iar_cstart_call_ctors
                         0x800'780d   0x20  Code  Gb  cmain_call_ctors.o [9]
__iar_data_init3         0x800'77bd   0x28  Code  Gb  data_init.o [9]
__iar_file_FOPEN_MAX     0x800'7429    0x4  Code  Gb  xfiles.o [7]
__iar_file_LockRef       0x800'742d   0x14  Code  Gb  xlockref.o [7]
__iar_file_Mtxdst        0x800'735d   0x38  Code  Gb  dlib_lock_glue.o [4]
__iar_file_Mtxinit       0x800'730b   0x52  Code  Gb  dlib_lock_glue.o [4]
__iar_file_mtx          0x2000'1704   0x20  Data  Gb  xfiles.o [7]
__iar_init_vfp           0x800'7775         Code  Gb  fpinit_M.o [8]
__iar_program_start      0x800'7759         Code  Gb  cstartup_M.o [9]
__iar_system_Mtxdst      0x800'72d3   0x38  Code  Gb  dlib_lock_glue.o [4]
__iar_system_Mtxinit     0x800'7281   0x52  Code  Gb  dlib_lock_glue.o [4]
__iar_tls$$INIT_ARRAY$$Base
                         0x800'7848          --   Gb  - Linker created -
__iar_tls$$INIT_ARRAY$$Limit
                         0x800'7848          --   Gb  - Linker created -
__iar_zero_init3         0x800'78ed   0x38  Code  Gb  zero_init3.o [9]
__low_level_init         0x800'77b7    0x4  Code  Gb  low_level_init.o [7]
__vector_table           0x800'0000         Data  Gb  startup_stm32l433xx.o [4]
_call_main               0x800'77a5         Code  Gb  cmain.o [9]
_exit                    0x800'77e9         Code  Gb  cexit.o [9]
appHeartbeatISR          0x800'4a65    0x2  Code  Wk  app_weak.o [1]
appISR                   0x800'681b    0x2  Code  Wk  app_weak.o [1]
appInit                  0x800'7725    0x2  Code  Wk  app_weak.o [1]
appPostSleepProcessing   0x800'208f    0x2  Code  Wk  app_weak.o [1]
appPreSleepProcessing    0x800'208d    0x2  Code  Wk  app_weak.o [1]
eTaskConfirmSleepModeStatus
                         0x800'0abd   0x3a  Code  Gb  tasks.o [5]
exit                     0x800'77e5    0x4  Code  Gb  exit.o [7]
hcan1                   0x2000'16b8   0x28  Data  Gb  can.o [1]
hdma_spi2_rx            0x2000'1490   0x48  Data  Gb  spi.o [1]
hdma_spi2_tx            0x2000'14d8   0x48  Data  Gb  spi.o [1]
hdma_usart1_rx          0x2000'1520   0x48  Data  Gb  usart.o [1]
hdma_usart1_tx          0x2000'1568   0x48  Data  Gb  usart.o [1]
hdma_usart2_rx          0x2000'15b0   0x48  Data  Gb  usart.o [1]
hdma_usart2_tx          0x2000'15f8   0x48  Data  Gb  usart.o [1]
hi2c1                   0x2000'134c   0x54  Data  Gb  i2c.o [1]
hi2c3                   0x2000'13a0   0x54  Data  Gb  i2c.o [1]
hlptim1                 0x2000'1680   0x38  Data  Gb  lptim.o [1]
hlpuart1                0x2000'1034   0x88  Data  Gb  usart.o [1]
hpcd_USB_FS             0x2000'0878  0x2f8  Data  Gb  usb.o [1]
hrtc                    0x2000'16e0   0x24  Data  Gb  rtc.o [1]
hspi1                   0x2000'11cc   0x64  Data  Gb  spi.o [1]
hspi2                   0x2000'1230   0x64  Data  Gb  spi.o [1]
htim2                   0x2000'1444   0x4c  Data  Gb  stm32l4xx_hal_timebase_tim.o [1]
huart1                  0x2000'10bc   0x88  Data  Gb  usart.o [1]
huart2                  0x2000'1144   0x88  Data  Gb  usart.o [1]
main                     0x800'75b1   0x5e  Code  Gb  main.o [1]
mtx                     0x2000'17b0   0x10  Data  Lc  xsyslock_mtx.o [11]
osKernelInitialize       0x800'0275   0x26  Code  Gb  cmsis_os2.o [5]
osKernelStart            0x800'029b   0x30  Code  Gb  cmsis_os2.o [5]
pcInterruptPriorityRegisters
                         0x800'0190    0x4  Data  Lc  port.o [5]
prvAddCurrentTaskToDelayedList
                         0x800'0cd1   0x6c  Code  Lc  tasks.o [5]
prvAddNewTaskToReadyList
                         0x800'045d   0x9e  Code  Lc  tasks.o [5]
prvCheckForValidListAndQueue
                         0x800'1511   0x4c  Code  Lc  timers.o [5]
prvCheckForValidListAndQueue{1}{2}{3}{4}::ucStaticTimerQueueStorage
                        0x2000'0f94   0xa0  Data  Lc  timers.o [5]
prvCheckForValidListAndQueue{1}{2}{3}{4}::xStaticTimerQueue
                        0x2000'13f4   0x50  Data  Lc  timers.o [5]
prvCheckTasksWaitingTermination
                         0x800'0b4b   0x3e  Code  Lc  tasks.o [5]
prvCopyDataFromQueue     0x800'1f39   0x36  Code  Lc  queue.o [5]
prvCopyDataToQueue       0x800'1e9d   0x9c  Code  Lc  queue.o [5]
prvDeleteTCB             0x800'0b99   0x44  Code  Lc  tasks.o [5]
prvGetExpectedIdleTime   0x800'05a1   0x46  Code  Lc  tasks.o [5]
prvGetNextExpireTime     0x800'12a3   0x28  Code  Lc  timers.o [5]
prvIdleTask              0x800'0a55   0x64  Code  Lc  tasks.o [5]
prvInitialiseNewQueue    0x800'1a6f   0x36  Code  Lc  queue.o [5]
prvInitialiseNewTask     0x800'0377   0xe6  Code  Lc  tasks.o [5]
prvInitialiseTaskLists   0x800'0af7   0x54  Code  Lc  tasks.o [5]
prvInsertBlockIntoFreeList
                         0x800'1769   0x5e  Code  Lc  heap_4.o [1]
prvInsertTimerInActiveList
                         0x800'12f3   0x52  Code  Lc  timers.o [5]
prvIsQueueEmpty          0x800'1fdd   0x1c  Code  Lc  queue.o [5]
prvIsQueueFull           0x800'1ff9   0x1e  Code  Lc  queue.o [5]
prvProcessExpiredTimer   0x800'11a7   0x6c  Code  Lc  timers.o [5]
prvProcessReceivedCommands
                         0x800'1345  0x13e  Code  Lc  timers.o [5]
prvProcessTimerOrBlockTask
                         0x800'122f   0x74  Code  Lc  timers.o [5]
prvResetNextTaskUnblockTime
                         0x800'0bdd   0x2a  Code  Lc  tasks.o [5]
prvSampleTimeNow         0x800'12cb   0x28  Code  Lc  timers.o [5]
prvSampleTimeNow::xLastTime
                        0x2000'1864    0x4  Data  Lc  timers.o [5]
prvSwitchTimerLists      0x800'1483   0x8e  Code  Lc  timers.o [5]
prvTaskExitError         0x800'0da1   0x2a  Code  Lc  port.o [5]
prvTimerTask             0x800'1215   0x1a  Code  Lc  timers.o [5]
prvUnlockQueue           0x800'1f6f   0x6e  Code  Lc  queue.o [5]
pxCurrentTCB            0x2000'1810    0x4  Data  Gb  tasks.o [5]
pxCurrentTimerList      0x2000'1854    0x4  Data  Lc  timers.o [5]
pxDelayedTaskList       0x2000'1814    0x4  Data  Lc  tasks.o [5]
pxEnd                   0x2000'17e4    0x4  Data  Lc  heap_4.o [1]
pxOverflowDelayedTaskList
                        0x2000'1818    0x4  Data  Lc  tasks.o [5]
pxOverflowTimerList     0x2000'1858    0x4  Data  Lc  timers.o [5]
pxPortInitialiseStack    0x800'0d79   0x28  Code  Gb  port.o [5]
pxReadyTasksLists       0x2000'0018  0x460  Data  Lc  tasks.o [5]
rtcInitialized          0x2000'1875    0x1  Data  Gb  timer_if.o [1]
rtcwutClockrate         0x2000'0004    0x4  Data  Gb  rtc.o [1]
rtcwutCounter           0x2000'1804    0x4  Data  Gb  rtc.o [1]
rtcwutDivisor           0x2000'0008    0x4  Data  Gb  rtc.o [1]
static_file_list_lock   0x2000'17cc    0xc  Data  Lc  dlib_lock_glue.o [4]
static_file_lock        0x2000'1878   0x80  Data  Lc  dlib_lock_glue.o [4]
static_system_list_lock
                        0x2000'17c0    0xc  Data  Lc  dlib_lock_glue.o [4]
static_system_lock      0x2000'18f8   0x40  Data  Lc  dlib_lock_glue.o [4]
stm32_lock_acquire       0x800'71cb   0x3e  Code  Lc  dlib_lock_glue.o [4]
stm32_lock_init          0x800'71a5   0x26  Code  Lc  dlib_lock_glue.o [4]
stm32_lock_release       0x800'7209   0x30  Code  Lc  dlib_lock_glue.o [4]
ucMaxSysCallPriority    0x2000'1874    0x1  Data  Lc  port.o [5]
ulMaxPRIGROUPValue      0x2000'1800    0x4  Data  Lc  port.o [5]
ulStoppedTimerCompensation
                        0x2000'17fc    0x4  Data  Lc  port.o [5]
ulTimerCountsForOneTick
                        0x2000'17f4    0x4  Data  Lc  port.o [5]
uwTick                  0x2000'180c    0x4  Data  Gb  stm32l4xx_hal.o [3]
uwTickFreq              0x2000'0014    0x1  Data  Gb  stm32l4xx_hal.o [3]
uwTickPrio              0x2000'000c    0x4  Data  Gb  stm32l4xx_hal.o [3]
uxCriticalNesting       0x2000'0000    0x4  Data  Lc  port.o [5]
uxCurrentNumberOfTasks  0x2000'1820    0x4  Data  Lc  tasks.o [5]
uxDeletedTasksWaitingCleanUp
                        0x2000'181c    0x4  Data  Lc  tasks.o [5]
uxListRemove             0x800'1079   0x28  Code  Gb  list.o [5]
uxSchedulerSuspended    0x2000'1848    0x4  Data  Lc  tasks.o [5]
uxTaskNumber            0x2000'183c    0x4  Data  Lc  tasks.o [5]
uxTopReadyPriority      0x2000'1828    0x4  Data  Lc  tasks.o [5]
vApplicationGetIdleTaskMemory
                         0x800'10a1   0x18  Code  Wk  cmsis_os2.o [5]
vApplicationGetIdleTaskMemory::Idle_Stack
                        0x2000'0b70  0x200  Data  Lc  cmsis_os2.o [5]
vApplicationGetIdleTaskMemory::Idle_TCB
                        0x2000'1294   0x5c  Data  Lc  cmsis_os2.o [5]
vApplicationGetTimerTaskMemory
                         0x800'1901   0x18  Code  Wk  cmsis_os2.o [5]
vApplicationGetTimerTaskMemory::Timer_Stack
                        0x2000'0478  0x400  Data  Lc  cmsis_os2.o [5]
vApplicationGetTimerTaskMemory::Timer_TCB
                        0x2000'12f0   0x5c  Data  Lc  cmsis_os2.o [5]
vListInitialise          0x800'1007   0x1e  Code  Gb  list.o [5]
vListInitialiseItem      0x800'1025    0x6  Code  Gb  list.o [5]
vListInsert              0x800'1043   0x36  Code  Gb  list.o [5]
vListInsertEnd           0x800'102b   0x18  Code  Gb  list.o [5]
vPortEnableVFP           0x800'18e5         Code  Gb  portasm.o [5]
vPortEnterCritical       0x800'0e99   0x34  Code  Gb  port.o [5]
vPortExitCritical        0x800'0ecd   0x2c  Code  Gb  port.o [5]
vPortFree                0x800'16ed   0x7c  Code  Gb  heap_4.o [1]
vPortStartFirstTask      0x800'18c5         Code  Gb  portasm.o [5]
vPortSuppressTicksAndSleep
                         0x800'158d  0x160  Code  Wk  port.o [5]
vPortValidateInterruptPriority
                         0x800'0f21   0x4e  Code  Gb  port.o [5]
vQueueAddToRegistry      0x800'2017   0x26  Code  Gb  queue.o [5]
vQueueWaitForMessageRestricted
                         0x800'2041   0x4c  Code  Gb  queue.o [5]
vTaskInternalSetTimeOutState
                         0x800'09a9   0x12  Code  Gb  tasks.o [5]
vTaskMissedYield         0x800'0a49    0xa  Code  Gb  tasks.o [5]
vTaskPlaceOnEventList    0x800'089b   0x34  Code  Gb  tasks.o [5]
vTaskPlaceOnEventListRestricted
                         0x800'08d9   0x40  Code  Gb  tasks.o [5]
vTaskStartScheduler      0x800'04fb   0x9a  Code  Gb  tasks.o [5]
vTaskStepTick            0x800'06cf   0x28  Code  Gb  tasks.o [5]
vTaskSuspendAll          0x800'0595    0xc  Code  Gb  tasks.o [5]
vTaskSwitchContext       0x800'0821   0x7a  Code  Gb  tasks.o [5]
vector_t                0x2000'0e00  0x194  Data  Gb  main.o [1]
xActiveTimerList1       0x2000'1788   0x14  Data  Lc  timers.o [5]
xActiveTimerList2       0x2000'179c   0x14  Data  Lc  timers.o [5]
xBlockAllocatedBit      0x2000'17f0    0x4  Data  Lc  heap_4.o [1]
xDelayedTaskList1       0x2000'1724   0x14  Data  Lc  tasks.o [5]
xDelayedTaskList2       0x2000'1738   0x14  Data  Lc  tasks.o [5]
xFreeBytesRemaining     0x2000'17e8    0x4  Data  Lc  heap_4.o [1]
xHeapStructSize          0x800'018c    0x4  Data  Lc  heap_4.o [1]
xIdleTaskHandle         0x2000'1844    0x4  Data  Lc  tasks.o [5]
xMaximumPossibleSuppressedTicks
                        0x2000'17f8    0x4  Data  Lc  port.o [5]
xNextTaskUnblockTime    0x2000'1840    0x4  Data  Lc  tasks.o [5]
xNumOfOverflows         0x2000'1838    0x4  Data  Lc  tasks.o [5]
xNumberOfSuccessfulFrees
                        0x2000'17ec    0x4  Data  Lc  heap_4.o [1]
xPendedTicks            0x2000'1830    0x4  Data  Lc  tasks.o [5]
xPendingReadyList       0x2000'174c   0x14  Data  Lc  tasks.o [5]
xPortStartScheduler      0x800'0dcb   0xce  Code  Gb  port.o [5]
xPortSysTickHandler      0x800'0ef9   0x28  Code  Gb  port.o [5]
xQueueGenericCreateStatic
                         0x800'19ad   0xc2  Code  Gb  queue.o [5]
xQueueGenericReset       0x800'1919   0x94  Code  Gb  queue.o [5]
xQueueGenericSend        0x800'1aa5  0x1a6  Code  Gb  queue.o [5]
xQueueGenericSendFromISR
                         0x800'1c4b   0xe4  Code  Gb  queue.o [5]
xQueueReceive            0x800'1d2f  0x16a  Code  Gb  queue.o [5]
xQueueRegistry          0x2000'1640   0x40  Data  Gb  queue.o [5]
xSchedulerRunning       0x2000'182c    0x4  Data  Lc  tasks.o [5]
xStart                  0x2000'17d8    0x8  Data  Lc  heap_4.o [1]
xSuspendedTaskList      0x2000'1774   0x14  Data  Lc  tasks.o [5]
xTaskCheckForTimeOut     0x800'09bb   0x8e  Code  Gb  tasks.o [5]
xTaskCreateStatic        0x800'02dd   0x9a  Code  Gb  tasks.o [5]
xTaskGetSchedulerState   0x800'0c07   0x20  Code  Gb  tasks.o [5]
xTaskGetTickCount        0x800'06c7    0x8  Code  Gb  tasks.o [5]
xTaskIncrementTick       0x800'0711  0x10c  Code  Gb  tasks.o [5]
xTaskPriorityDisinherit
                         0x800'0c2d   0x8c  Code  Gb  tasks.o [5]
xTaskRemoveFromEventList
                         0x800'0921   0x88  Code  Gb  tasks.o [5]
xTaskResumeAll           0x800'05e7   0xe0  Code  Gb  tasks.o [5]
xTasksWaitingTermination
                        0x2000'1760   0x14  Data  Lc  tasks.o [5]
xTickCount              0x2000'1824    0x4  Data  Lc  tasks.o [5]
xTimerCreateTimerTask    0x800'10b9   0x6c  Code  Gb  timers.o [5]
xTimerGenericCommand     0x800'1125   0x82  Code  Gb  timers.o [5]
xTimerQueue             0x2000'185c    0x4  Data  Lc  timers.o [5]
xTimerTaskHandle        0x2000'1860    0x4  Data  Lc  timers.o [5]
xYieldPending           0x2000'1834    0x4  Data  Lc  tasks.o [5]


[1] = C:\Users\rozzie\dev\cygnet\System\EWARM\cygnet\Obj\Core
[2] = C:\Users\rozzie\dev\cygnet\System\EWARM\cygnet\Obj\Drivers\CMSIS
[3] = C:\Users\rozzie\dev\cygnet\System\EWARM\cygnet\Obj\Drivers\STM32L4xx_HAL_Driver
[4] = C:\Users\rozzie\dev\cygnet\System\EWARM\cygnet\Obj\EWARM
[5] = C:\Users\rozzie\dev\cygnet\System\EWARM\cygnet\Obj\Middlewares\FreeRTOS
[6] = C:\Users\rozzie\dev\cygnet\System\EWARM\cygnet\Obj\Utilities
[7] = dl7M_tlf.a
[8] = m7M_tls.a
[9] = rt7M_tl.a
[10] = shb_l.a
[11] = th7M_tlf.a

  30'836 bytes of readonly  code memory
     216 bytes of readonly  data memory
   7'475 bytes of readwrite data memory

Errors: none
Warnings: none
