###############################################################################
#
# IAR ELF Linker V9.20.2.320/W64 for ARM                  26/Oct/2023  11:03:29
# Copyright 2007-2021 IAR Systems AB.
#
#    Output file  =
#        C:\Users\rozzie\dev\cygnet\System\EWARM\cygnet\Exe\cygnet.out
#    Map file     =
#        C:\Users\rozzie\dev\cygnet\System\EWARM\cygnet\List\cygnet.map
#    Command line =
#        -f C:\Users\rozzie\dev\cygnet\System\EWARM\cygnet\Exe\cygnet.out.rsp
#        (C:\Users\rozzie\dev\cygnet\System\EWARM\cygnet\Obj\Core\adc.o
#        C:\Users\rozzie\dev\cygnet\System\EWARM\cygnet\Obj\Global\amd5.o
#        C:\Users\rozzie\dev\cygnet\System\EWARM\cygnet\Obj\App\app.o
#        C:\Users\rozzie\dev\cygnet\System\EWARM\cygnet\Obj\Core\app_weak.o
#        C:\Users\rozzie\dev\cygnet\System\EWARM\cygnet\Obj\Global\array.o
#        C:\Users\rozzie\dev\cygnet\System\EWARM\cygnet\Obj\Global\base64.o
#        C:\Users\rozzie\dev\cygnet\System\EWARM\cygnet\Obj\App\button.o
#        C:\Users\rozzie\dev\cygnet\System\EWARM\cygnet\Obj\Core\can.o
#        C:\Users\rozzie\dev\cygnet\System\EWARM\cygnet\Obj\Middlewares\FreeRTOS\cmsis_os2.o
#        C:\Users\rozzie\dev\cygnet\System\EWARM\cygnet\Obj\Global\crc16.o
#        C:\Users\rozzie\dev\cygnet\System\EWARM\cygnet\Obj\Global\crc32.o
#        C:\Users\rozzie\dev\cygnet\System\EWARM\cygnet\Obj\Middlewares\FreeRTOS\croutine.o
#        C:\Users\rozzie\dev\cygnet\System\EWARM\cygnet\Obj\Global\debug.o
#        C:\Users\rozzie\dev\cygnet\System\EWARM\cygnet\Obj\Core\debug_if.o
#        C:\Users\rozzie\dev\cygnet\System\EWARM\cygnet\Obj\App\diag.o
#        C:\Users\rozzie\dev\cygnet\System\EWARM\cygnet\Obj\EWARM\dlib_lock_glue.o
#        C:\Users\rozzie\dev\cygnet\System\EWARM\cygnet\Obj\Core\dma.o
#        C:\Users\rozzie\dev\cygnet\System\EWARM\cygnet\Obj\Middlewares\FreeRTOS\event_groups.o
#        C:\Users\rozzie\dev\cygnet\System\EWARM\cygnet\Obj\Core\flash_if.o
#        C:\Users\rozzie\dev\cygnet\System\EWARM\cygnet\Obj\Global\float16.o
#        C:\Users\rozzie\dev\cygnet\System\EWARM\cygnet\Obj\Global\gerr.o
#        C:\Users\rozzie\dev\cygnet\System\EWARM\cygnet\Obj\Global\gmem.o
#        C:\Users\rozzie\dev\cygnet\System\EWARM\cygnet\Obj\Core\gpio.o
#        C:\Users\rozzie\dev\cygnet\System\EWARM\cygnet\Obj\Core\heap_4.o
#        C:\Users\rozzie\dev\cygnet\System\EWARM\cygnet\Obj\Core\i2c.o
#        C:\Users\rozzie\dev\cygnet\System\EWARM\cygnet\Obj\App\led.o
#        C:\Users\rozzie\dev\cygnet\System\EWARM\cygnet\Obj\Middlewares\FreeRTOS\list.o
#        C:\Users\rozzie\dev\cygnet\System\EWARM\cygnet\Obj\Core\lptim.o
#        C:\Users\rozzie\dev\cygnet\System\EWARM\cygnet\Obj\Core\main.o
#        C:\Users\rozzie\dev\cygnet\System\EWARM\cygnet\Obj\App\maintask.o
#        C:\Users\rozzie\dev\cygnet\System\EWARM\cygnet\Obj\Global\md5hash.o
#        C:\Users\rozzie\dev\cygnet\System\EWARM\cygnet\Obj\Global\memmem.o
#        C:\Users\rozzie\dev\cygnet\System\EWARM\cygnet\Obj\Global\mutex.o
#        C:\Users\rozzie\dev\cygnet\System\EWARM\cygnet\Obj\JSON\n_b64.o
#        C:\Users\rozzie\dev\cygnet\System\EWARM\cygnet\Obj\JSON\n_cjson.o
#        C:\Users\rozzie\dev\cygnet\System\EWARM\cygnet\Obj\JSON\n_cjson_helpers.o
#        C:\Users\rozzie\dev\cygnet\System\EWARM\cygnet\Obj\JSON\n_lib.o
#        C:\Users\rozzie\dev\cygnet\System\EWARM\cygnet\Obj\Global\os.o
#        C:\Users\rozzie\dev\cygnet\System\EWARM\cygnet\Obj\Middlewares\FreeRTOS\port.o
#        C:\Users\rozzie\dev\cygnet\System\EWARM\cygnet\Obj\Middlewares\FreeRTOS\portasm.o
#        C:\Users\rozzie\dev\cygnet\System\EWARM\cygnet\Obj\Middlewares\FreeRTOS\queue.o
#        C:\Users\rozzie\dev\cygnet\System\EWARM\cygnet\Obj\Global\rand.o
#        C:\Users\rozzie\dev\cygnet\System\EWARM\cygnet\Obj\App\req.o
#        C:\Users\rozzie\dev\cygnet\System\EWARM\cygnet\Obj\App\reqtask.o
#        C:\Users\rozzie\dev\cygnet\System\EWARM\cygnet\Obj\Core\rng.o
#        C:\Users\rozzie\dev\cygnet\System\EWARM\cygnet\Obj\Global\rrandom.o
#        C:\Users\rozzie\dev\cygnet\System\EWARM\cygnet\Obj\Core\rtc.o
#        C:\Users\rozzie\dev\cygnet\System\EWARM\cygnet\Obj\App\serial.o
#        C:\Users\rozzie\dev\cygnet\System\EWARM\cygnet\Obj\Core\spi.o
#        C:\Users\rozzie\dev\cygnet\System\EWARM\cygnet\Obj\EWARM\startup_stm32l433xx.o
#        C:\Users\rozzie\dev\cygnet\System\EWARM\cygnet\Obj\Utilities\stm32_lpm.o
#        C:\Users\rozzie\dev\cygnet\System\EWARM\cygnet\Obj\Core\stm32_lpm_if.o
#        C:\Users\rozzie\dev\cygnet\System\EWARM\cygnet\Obj\Utilities\stm32_mem.o
#        C:\Users\rozzie\dev\cygnet\System\EWARM\cygnet\Obj\Utilities\stm32_systime.o
#        C:\Users\rozzie\dev\cygnet\System\EWARM\cygnet\Obj\Utilities\stm32_timer.o
#        C:\Users\rozzie\dev\cygnet\System\EWARM\cygnet\Obj\Drivers\STM32L4xx_HAL_Driver\stm32l4xx_hal.o
#        C:\Users\rozzie\dev\cygnet\System\EWARM\cygnet\Obj\Drivers\STM32L4xx_HAL_Driver\stm32l4xx_hal_adc.o
#        C:\Users\rozzie\dev\cygnet\System\EWARM\cygnet\Obj\Drivers\STM32L4xx_HAL_Driver\stm32l4xx_hal_adc_ex.o
#        C:\Users\rozzie\dev\cygnet\System\EWARM\cygnet\Obj\Drivers\STM32L4xx_HAL_Driver\stm32l4xx_hal_can.o
#        C:\Users\rozzie\dev\cygnet\System\EWARM\cygnet\Obj\Drivers\STM32L4xx_HAL_Driver\stm32l4xx_hal_cortex.o
#        C:\Users\rozzie\dev\cygnet\System\EWARM\cygnet\Obj\Drivers\STM32L4xx_HAL_Driver\stm32l4xx_hal_dma.o
#        C:\Users\rozzie\dev\cygnet\System\EWARM\cygnet\Obj\Drivers\STM32L4xx_HAL_Driver\stm32l4xx_hal_dma_ex.o
#        C:\Users\rozzie\dev\cygnet\System\EWARM\cygnet\Obj\Drivers\STM32L4xx_HAL_Driver\stm32l4xx_hal_exti.o
#        C:\Users\rozzie\dev\cygnet\System\EWARM\cygnet\Obj\Drivers\STM32L4xx_HAL_Driver\stm32l4xx_hal_flash.o
#        C:\Users\rozzie\dev\cygnet\System\EWARM\cygnet\Obj\Drivers\STM32L4xx_HAL_Driver\stm32l4xx_hal_flash_ex.o
#        C:\Users\rozzie\dev\cygnet\System\EWARM\cygnet\Obj\Drivers\STM32L4xx_HAL_Driver\stm32l4xx_hal_flash_ramfunc.o
#        C:\Users\rozzie\dev\cygnet\System\EWARM\cygnet\Obj\Drivers\STM32L4xx_HAL_Driver\stm32l4xx_hal_gpio.o
#        C:\Users\rozzie\dev\cygnet\System\EWARM\cygnet\Obj\Drivers\STM32L4xx_HAL_Driver\stm32l4xx_hal_i2c.o
#        C:\Users\rozzie\dev\cygnet\System\EWARM\cygnet\Obj\Drivers\STM32L4xx_HAL_Driver\stm32l4xx_hal_lptim.o
#        C:\Users\rozzie\dev\cygnet\System\EWARM\cygnet\Obj\Core\stm32l4xx_hal_msp.o
#        C:\Users\rozzie\dev\cygnet\System\EWARM\cygnet\Obj\Drivers\STM32L4xx_HAL_Driver\stm32l4xx_hal_pcd.o
#        C:\Users\rozzie\dev\cygnet\System\EWARM\cygnet\Obj\Drivers\STM32L4xx_HAL_Driver\stm32l4xx_hal_pcd_ex.o
#        C:\Users\rozzie\dev\cygnet\System\EWARM\cygnet\Obj\Drivers\STM32L4xx_HAL_Driver\stm32l4xx_hal_pwr.o
#        C:\Users\rozzie\dev\cygnet\System\EWARM\cygnet\Obj\Drivers\STM32L4xx_HAL_Driver\stm32l4xx_hal_pwr_ex.o
#        C:\Users\rozzie\dev\cygnet\System\EWARM\cygnet\Obj\Drivers\STM32L4xx_HAL_Driver\stm32l4xx_hal_rcc.o
#        C:\Users\rozzie\dev\cygnet\System\EWARM\cygnet\Obj\Drivers\STM32L4xx_HAL_Driver\stm32l4xx_hal_rcc_ex.o
#        C:\Users\rozzie\dev\cygnet\System\EWARM\cygnet\Obj\Drivers\STM32L4xx_HAL_Driver\stm32l4xx_hal_rng.o
#        C:\Users\rozzie\dev\cygnet\System\EWARM\cygnet\Obj\Drivers\STM32L4xx_HAL_Driver\stm32l4xx_hal_rtc.o
#        C:\Users\rozzie\dev\cygnet\System\EWARM\cygnet\Obj\Drivers\STM32L4xx_HAL_Driver\stm32l4xx_hal_rtc_ex.o
#        C:\Users\rozzie\dev\cygnet\System\EWARM\cygnet\Obj\Drivers\STM32L4xx_HAL_Driver\stm32l4xx_hal_spi.o
#        C:\Users\rozzie\dev\cygnet\System\EWARM\cygnet\Obj\Drivers\STM32L4xx_HAL_Driver\stm32l4xx_hal_tim.o
#        C:\Users\rozzie\dev\cygnet\System\EWARM\cygnet\Obj\Drivers\STM32L4xx_HAL_Driver\stm32l4xx_hal_tim_ex.o
#        C:\Users\rozzie\dev\cygnet\System\EWARM\cygnet\Obj\Core\stm32l4xx_hal_timebase_tim.o
#        C:\Users\rozzie\dev\cygnet\System\EWARM\cygnet\Obj\Drivers\STM32L4xx_HAL_Driver\stm32l4xx_hal_uart.o
#        C:\Users\rozzie\dev\cygnet\System\EWARM\cygnet\Obj\Drivers\STM32L4xx_HAL_Driver\stm32l4xx_hal_uart_ex.o
#        C:\Users\rozzie\dev\cygnet\System\EWARM\cygnet\Obj\Drivers\STM32L4xx_HAL_Driver\stm32l4xx_hal_wwdg.o
#        C:\Users\rozzie\dev\cygnet\System\EWARM\cygnet\Obj\Core\stm32l4xx_it.o
#        C:\Users\rozzie\dev\cygnet\System\EWARM\cygnet\Obj\Drivers\STM32L4xx_HAL_Driver\stm32l4xx_ll_usb.o
#        C:\Users\rozzie\dev\cygnet\System\EWARM\cygnet\Obj\Middlewares\FreeRTOS\stream_buffer.o
#        C:\Users\rozzie\dev\cygnet\System\EWARM\cygnet\Obj\Global\strl.o
#        C:\Users\rozzie\dev\cygnet\System\EWARM\cygnet\Obj\Drivers\CMSIS\system_stm32l4xx.o
#        C:\Users\rozzie\dev\cygnet\System\EWARM\cygnet\Obj\Global\task.o
#        C:\Users\rozzie\dev\cygnet\System\EWARM\cygnet\Obj\Middlewares\FreeRTOS\tasks.o
#        C:\Users\rozzie\dev\cygnet\System\EWARM\cygnet\Obj\Global\timegm.o
#        C:\Users\rozzie\dev\cygnet\System\EWARM\cygnet\Obj\Global\timer.o
#        C:\Users\rozzie\dev\cygnet\System\EWARM\cygnet\Obj\Core\timer_if.o
#        C:\Users\rozzie\dev\cygnet\System\EWARM\cygnet\Obj\Middlewares\FreeRTOS\timers.o
#        C:\Users\rozzie\dev\cygnet\System\EWARM\cygnet\Obj\Global\tss.o
#        C:\Users\rozzie\dev\cygnet\System\EWARM\cygnet\Obj\Core\usart.o
#        C:\Users\rozzie\dev\cygnet\System\EWARM\cygnet\Obj\Core\usb.o
#        C:\Users\rozzie\dev\cygnet\System\EWARM\cygnet\Obj\Core\wwdg.o
#        --no_out_extension -o
#        C:\Users\rozzie\dev\cygnet\System\EWARM\cygnet\Exe\cygnet.out
#        --redirect _Printf=_PrintfLargeNoMb --redirect _Scanf=_ScanfFullNoMb
#        --map C:\Users\rozzie\dev\cygnet\System\EWARM\cygnet\List\cygnet.map
#        --config C:\Users\rozzie\dev\cygnet\System\EWARM/stm32l433xx_flash.icf
#        --semihosting --entry __iar_program_start --vfe --threaded_lib
#        --text_out locale)
#
###############################################################################

*******************************************************************************
*** RUNTIME MODEL ATTRIBUTES
***

CppFlavor                     = *
__CPP_Runtime                 = 1
__Heap_Handler                = DLMalloc
__SystemLibrary               = DLib
__dlib_dynamic_initialization = normal
__dlib_version                = 6


*******************************************************************************
*** HEAP SELECTION
***

The advanced heap was selected because the application calls memory
allocation functions outside of system library functions, and there
are calls to deallocation functions in the application.


*******************************************************************************
*** PLACEMENT SUMMARY
***

"A0":  place at address 0x800'0000 { ro section .intvec };
define block ROM_CONTENT with fixed order { ro };
"P1":  place in [from 0x800'0000 to 0x803'ffff] { block ROM_CONTENT };
define block CSTACK with size = 1K, alignment = 8 { };
define block HEAP with size = 512, alignment = 8 { };
"P2":  place in [from 0x2000'0000 to 0x2000'ffff] {
          rw, block CSTACK, block HEAP };
initialize by copy { rw };

  Section                 Kind         Address      Size  Object
  -------                 ----         -------      ----  ------
"A0":                                              0x190
  .intvec                 ro code   0x800'0000     0x18c  startup_stm32l433xx.o [5]
                                  - 0x800'018c     0x18c

"P1":                                           0x1'1f70
  ROM_CONTENT                       0x800'0190  0x1'1f70  <Block>
    .rodata               const     0x800'0190      0x48  strto64.o [11]
    .rodata               const     0x800'01d8       0x8  app.o [1]
    .rodata               const     0x800'01e0       0x8  debug.o [6]
    .rodata               const     0x800'01e8       0x8  debug.o [6]
    .rodata               const     0x800'01f0       0x8  diag.o [1]
    .rodata               const     0x800'01f8       0x4  diag.o [1]
    .rodata               const     0x800'01fc       0x8  diag.o [1]
    .rodata               const     0x800'0204       0xc  diag.o [1]
    .rodata               const     0x800'0210       0x4  diag.o [1]
    .rodata               const     0x800'0214       0x8  diag.o [1]
    .rodata               const     0x800'021c      0x18  diag.o [1]
    .rodata               const     0x800'0234      0x18  diag.o [1]
    .rodata               const     0x800'024c      0x18  diag.o [1]
    .rodata               const     0x800'0264       0xc  diag.o [1]
    .rodata               const     0x800'0270      0x18  diag.o [1]
    .rodata               const     0x800'0288      0x30  diag.o [1]
    .rodata               const     0x800'02b8      0x30  gerr.o [6]
    .rodata               const     0x800'02e8      0x14  gerr.o [6]
    .rodata               const     0x800'02fc      0x18  gerr.o [6]
    .rodata               const     0x800'0314      0x2c  gerr.o [6]
    .rodata               const     0x800'0340       0xc  gerr.o [6]
    .rodata               const     0x800'034c      0x24  gmem.o [6]
    .rodata               const     0x800'0370       0xc  gmem.o [6]
    .rodata               const     0x800'037c       0x4  heap_4.o [2]
    .rodata               const     0x800'0380       0x8  main.o [2]
    .rodata               const     0x800'0388       0x8  main.o [2]
    .rodata               const     0x800'0390       0x8  main.o [2]
    .rodata               const     0x800'0398       0xc  main.o [2]
    .rodata               const     0x800'03a4       0x8  main.o [2]
    .rodata               const     0x800'03ac       0x8  main.o [2]
    .rodata               const     0x800'03b4       0x8  main.o [2]
    .rodata               const     0x800'03bc       0x8  main.o [2]
    .rodata               const     0x800'03c4       0x8  main.o [2]
    .rodata               const     0x800'03cc       0x8  main.o [2]
    .rodata               const     0x800'03d4       0x8  maintask.o [1]
    .rodata               const     0x800'03dc      0x18  maintask.o [1]
    .rodata               const     0x800'03f4      0x10  maintask.o [1]
    .rodata               const     0x800'0404      0x24  maintask.o [1]
    .rodata               const     0x800'0428      0x24  maintask.o [1]
    .rodata               const     0x800'044c       0x8  maintask.o [1]
    .rodata               const     0x800'0454      0x1c  mutex.o [6]
    .rodata               const     0x800'0470      0x18  mutex.o [6]
    .rodata               const     0x800'0488      0x20  mutex.o [6]
    .rodata               const     0x800'04a8      0x3c  mutex.o [6]
    .rodata               const     0x800'04e4      0x48  mutex.o [6]
    .rodata               const     0x800'052c      0x2c  mutex.o [6]
    .rodata               const     0x800'0558      0x4c  mutex.o [6]
    .rodata               const     0x800'05a4       0x8  n_cjson.o [7]
    .rodata               const     0x800'05ac       0x8  n_cjson.o [7]
    .rodata               const     0x800'05b4       0x8  n_cjson.o [7]
    .rodata               const     0x800'05bc       0x8  n_cjson.o [7]
    .rodata               const     0x800'05c4       0x8  n_cjson.o [7]
    .rodata               const     0x800'05cc       0x4  n_cjson.o [7]
    .rodata               const     0x800'05d0       0x4  port.o [8]
    .rodata               const     0x800'05d4      0x18  req.o [1]
    .rodata               const     0x800'05ec       0x8  req.o [1]
    .rodata               const     0x800'05f4      0x1c  req.o [1]
    .rodata               const     0x800'0610      0x1c  req.o [1]
    .rodata               const     0x800'062c      0x18  req.o [1]
    .rodata               const     0x800'0644       0x8  req.o [1]
    .rodata               const     0x800'064c       0x8  req.o [1]
    .rodata               const     0x800'0654      0x1c  req.o [1]
    .rodata               const     0x800'0670       0x8  reqtask.o [1]
    .rodata               const     0x800'0678       0x8  reqtask.o [1]
    .rodata               const     0x800'0680       0x8  reqtask.o [1]
    .rodata               const     0x800'0688       0xc  serial.o [1]
    .rodata               const     0x800'0694       0x8  serial.o [1]
    .rodata               const     0x800'069c       0x8  serial.o [1]
    .rodata               const     0x800'06a4      0x28  serial.o [1]
    .rodata               const     0x800'06cc      0x18  stm32_lpm_if.o [2]
    .rodata               const     0x800'06e4       0x8  stm32_systime.o [9]
    .rodata               const     0x800'06ec       0x8  stm32_systime.o [9]
    .rodata               const     0x800'06f4       0x8  stm32_systime.o [9]
    .rodata               const     0x800'06fc      0x10  system_stm32l4xx.o [3]
    .rodata               const     0x800'070c       0x8  system_stm32l4xx.o [3]
    .rodata               const     0x800'0714      0x30  system_stm32l4xx.o [3]
    .rodata               const     0x800'0744      0x10  task.o [6]
    .rodata               const     0x800'0754      0x10  task.o [6]
    .rodata               const     0x800'0764      0x24  task.o [6]
    .rodata               const     0x800'0788      0x38  task.o [6]
    .rodata               const     0x800'07c0      0x20  task.o [6]
    .rodata               const     0x800'07e0       0x8  tasks.o [8]
    .rodata               const     0x800'07e8       0xc  timer.o [6]
    .rodata               const     0x800'07f4      0x10  timer.o [6]
    .rodata               const     0x800'0804      0x34  timer.o [6]
    .rodata               const     0x800'0838      0x2c  timer_if.o [2]
    .rodata               const     0x800'0864      0x14  timer_if.o [2]
    .rodata               const     0x800'0878       0x8  timers.o [8]
    .rodata               const     0x800'0880       0x8  timers.o [8]
    .rodata               const     0x800'0888      0x10  usart.o [2]
    .rodata               const     0x800'0898      0x10  usart.o [2]
    .rodata               const     0x800'08a8      0x10  usart.o [2]
    .rodata               const     0x800'08b8      0x50  iar_Stoulx.o [10]
    .rodata               const     0x800'0908      0x24  xscanffull_nomb.o [10]
    .rodata               const     0x800'092c      0x28  xscanffull_nomb.o [10]
    .rodata               const     0x800'0954      0x50  iar_Stoullx.o [10]
    .text                 ro code   0x800'09a4     0x178  app.o [1]
    .text                 ro code   0x800'0b1c    0x1118  tasks.o [8]
    .text                 ro code   0x800'1c34     0x380  stm32l4xx_hal_gpio.o [4]
    .text                 ro code   0x800'1fb4      0x40  button.o [1]
    .text                 ro code   0x800'1ff4     0x214  timer.o [6]
    .text                 ro code   0x800'2208      0x66  ABImemset.o [12]
    .rodata               const     0x800'226e       0x2  xlocale_c.o [10]
    .text                 ro code   0x800'2270     0x290  heap_4.o [2]
    .text                 ro code   0x800'2500      0x9a  list.o [8]
    .rodata               const     0x800'259a       0x2  xlocale_c.o [10]
    .text                 ro code   0x800'259c     0x228  port.o [8]
    .text                 ro code   0x800'27c4      0x18  cmsis_os2.o [8]
    .text                 ro code   0x800'27dc     0x4d4  timers.o [8]
    .text                 ro code   0x800'2cb0     0x160  port.o [8]
    .text                 ro code   0x800'2e10     0x224  reqtask.o [1]
    .text                 ro code   0x800'3034     0x284  timer_if.o [2]
    .text                 ro code   0x800'32b8      0xb4  stm32_systime.o [9]
    .text                 ro code   0x800'336c      0x42  strl.o [6]
    .text                 ro code   0x800'33ae      0x1a  xsnprout.o [10]
    .text                 ro code   0x800'33c8     0x278  mutex.o [6]
    .text                 ro code   0x800'3640      0x12  gmtime64.o [10]
    .text                 ro code   0x800'3652       0xa  xsprout.o [10]
    .text                 ro code   0x800'365c      0x70  port.o [8]
    CODE                  ro code   0x800'36cc      0xb0  portasm.o [8]
    .text                 ro code   0x800'377c      0x18  cmsis_os2.o [8]
    .text                 ro code   0x800'3794     0x9c4  queue.o [8]
    .text                 ro code   0x800'4158     0x21c  task.o [6]
    .text                 ro code   0x800'4374     0x550  serial.o [1]
    .text                 ro code   0x800'48c4     0x10c  gmem.o [6]
    .text                 ro code   0x800'49d0      0xb8  led.o [1]
    .text                 ro code   0x800'4a88     0x238  req.o [1]
    .text                 ro code   0x800'4cc0     0x2ac  gerr.o [6]
    .text                 ro code   0x800'4f6c      0x36  strlen.o [12]
    .text                 ro code   0x800'4fa2      0x1e  xsscin.o [10]
    .text                 ro code   0x800'4fc0     0x108  debug.o [6]
    .text                 ro code   0x800'50c8     0x1a0  debug_if.o [2]
    .text                 ro code   0x800'5268     0x18e  rtc.o [2]
    .rodata               const     0x800'53f6       0x1  xlocale_c.o [10]
    .text                 ro code   0x800'53f8     0x88c  stm32l4xx_hal_rtc.o [4]
    .text                 ro code   0x800'5c84     0x18a  stm32l4xx_hal_rtc_ex.o [4]
    .text                 ro code   0x800'5e10     0x222  stm32l4xx_it.o [2]
    .text                 ro code   0x800'6034     0x274  I64DivMod.o [12]
    .text                 ro code   0x800'62a8     0x208  stm32_timer.o [9]
    .text                 ro code   0x800'64b0      0x44  snprintf.o [10]
    .text                 ro code   0x800'64f4     0x164  xttotm64.o [10]
    .text                 ro code   0x800'6658      0xa6  ABImemcpy.o [12]
    .text                 ro code   0x800'6700      0xe0  tss.o [6]
    .text                 ro code   0x800'67e0      0x1c  U32ToDbl.o [11]
    .text                 ro code   0x800'67fc     0x246  DblDiv.o [11]
    .text                 ro code   0x800'6a44     0x1aa  DblMul.o [11]
    .text                 ro code   0x800'6bf0     0xa7c  usart.o [2]
    .text                 ro code   0x800'766c       0xc  os.o [6]
    .text                 ro code   0x800'7678     0x258  array.o [6]
    .text                 ro code   0x800'78d0     0x260  diag.o [1]
    .text                 ro code   0x800'7b30    0x1572  n_cjson.o [7]
    .text                 ro code   0x800'90a2      0x2c  strstr.o [10]
    .text                 ro code   0x800'90d0     0x214  n_cjson_helpers.o [7]
    .text                 ro code   0x800'92e4      0x22  DblToU32.o [11]
    .text                 ro code   0x800'9308      0x68  memcmp.o [12]
    .text                 ro code   0x800'9370      0x3c  vsnprint.o [10]
    .text                 ro code   0x800'93ac      0x70  stm32l4xx_hal.o [4]
    .text                 ro code   0x800'941c     0x4f8  stm32l4xx_hal_rcc_ex.o [4]
    .text                 ro code   0x800'9914     0x14c  stm32l4xx_hal_cortex.o [4]
    .text                 ro code   0x800'9a60       0x2  stm32l4xx_hal_rtc_ex.o [4]
    .text                 ro code   0x800'9a64     0x2c8  stm32l4xx_hal_tim.o [4]
    .text                 ro code   0x800'9d2c      0xca  stm32l4xx_hal_lptim.o [4]
    .text                 ro code   0x800'9df6     0xc7a  stm32l4xx_hal_pcd.o [4]
    .text                 ro code   0x800'aa70     0x224  stm32l4xx_hal_can.o [4]
    .text                 ro code   0x800'ac94     0x77a  stm32l4xx_hal_i2c.o [4]
    .text                 ro code   0x800'b410    0x13a4  stm32l4xx_hal_uart.o [4]
    .text                 ro code   0x800'c7b4     0x140  stm32l4xx_hal_spi.o [4]
    .text                 ro code   0x800'c8f4     0x42c  stm32l4xx_hal_dma.o [4]
    .text                 ro code   0x800'cd20       0x2  I64DivZer.o [12]
    .text                 ro code   0x800'cd24     0xd62  xprintflarge_nomb.o [10]
    .text                 ro code   0x800'da88      0xcc  xDaysTo64.o [10]
    .text                 ro code   0x800'db54       0x6  xisdst_nop64.o [10]
    .text                 ro code   0x800'db5a      0xb8  stm32l4xx_hal_uart_ex.o [4]
    .text                 ro code   0x800'dc14      0x44  dma.o [2]
    .text                 ro code   0x800'dc58      0x96  ABImemmove.o [12]
    .text                 ro code   0x800'dcee      0x14  ispunct.o [10]
    .text                 ro code   0x800'dd04     0x14c  iar_Stoulx.o [10]
    .text                 ro code   0x800'de50     0x200  main.o [2]
    .text                 ro code   0x800'e050      0x14  tolower.o [10]
    .text                 ro code   0x800'e064      0x28  n_lib.o [7]
    .text                 ro code   0x800'e08c       0xe  math_wrappers64.o [11]
    .text                 ro code   0x800'e09c      0x34  DblCmpGe.o [11]
    .text                 ro code   0x800'e0d0      0x34  DblCmpLe.o [11]
    .text                 ro code   0x800'e104      0x36  DblToS32.o [11]
    .text                 ro code   0x800'e13c      0x20  DblCmpEq.o [11]
    .text                 ro code   0x800'e15c      0x18  strcpy.o [12]
    .text                 ro code   0x800'e174      0x40  sprintf.o [10]
    .text                 ro code   0x800'e1b4      0x28  sscanf.o [10]
    .text                 ro code   0x800'e1dc      0x16  strchr.o [12]
    .text                 ro code   0x800'e1f2      0x28  strncmp.o [10]
    .text                 ro code   0x800'e21c       0x6  ABImemclr4.o [12]
    .text                 ro code   0x800'e224      0x12  strcmp.o [12]
    .text                 ro code   0x800'e238      0xfa  stm32l4xx_hal_timebase_tim.o [2]
    .text                 ro code   0x800'e334      0x40  stm32l4xx_hal_msp.o [2]
    .text                 ro code   0x800'e374       0x2  stm32l4xx_hal_tim.o [4]
    .text                 ro code   0x800'e376       0x2  stm32l4xx_hal_tim.o [4]
    .text                 ro code   0x800'e378       0x2  stm32l4xx_hal_tim.o [4]
    .text                 ro code   0x800'e37a       0x2  stm32l4xx_hal_tim.o [4]
    .text                 ro code   0x800'e37c       0x2  stm32l4xx_hal_tim_ex.o [4]
    .text                 ro code   0x800'e37e       0x2  stm32l4xx_hal_tim_ex.o [4]
    .text                 ro code   0x800'e380       0x2  stm32l4xx_hal_tim.o [4]
    .text                 ro code   0x800'e382       0x2  stm32l4xx_hal_tim_ex.o [4]
    .text                 ro code   0x800'e384       0x2  stm32l4xx_hal_lptim.o [4]
    .text                 ro code   0x800'e386       0x2  stm32l4xx_hal_lptim.o [4]
    .text                 ro code   0x800'e388       0x2  stm32l4xx_hal_lptim.o [4]
    .text                 ro code   0x800'e38a       0x2  stm32l4xx_hal_lptim.o [4]
    .text                 ro code   0x800'e38c       0x2  stm32l4xx_hal_lptim.o [4]
    .text                 ro code   0x800'e38e       0x2  stm32l4xx_hal_lptim.o [4]
    .text                 ro code   0x800'e390       0x2  stm32l4xx_hal_lptim.o [4]
    .text                 ro code   0x800'e392     0x8ce  stm32l4xx_ll_usb.o [4]
    .text                 ro code   0x800'ec60       0x2  stm32l4xx_hal_pcd.o [4]
    .text                 ro code   0x800'ec62       0x2  stm32l4xx_hal_pcd_ex.o [4]
    .text                 ro code   0x800'ec64       0x2  stm32l4xx_hal_pcd.o [4]
    .text                 ro code   0x800'ec66       0x2  stm32l4xx_hal_pcd.o [4]
    .text                 ro code   0x800'ec68       0x2  stm32l4xx_hal_pcd.o [4]
    .text                 ro code   0x800'ec6a       0x2  stm32l4xx_hal_pcd.o [4]
    .text                 ro code   0x800'ec6c       0x2  stm32l4xx_hal_pcd.o [4]
    .text                 ro code   0x800'ec6e       0x2  stm32l4xx_hal_pcd.o [4]
    .text                 ro code   0x800'ec70       0x2  stm32l4xx_hal_can.o [4]
    .text                 ro code   0x800'ec72       0x2  stm32l4xx_hal_can.o [4]
    .text                 ro code   0x800'ec74       0x2  stm32l4xx_hal_can.o [4]
    .text                 ro code   0x800'ec76       0x2  stm32l4xx_hal_can.o [4]
    .text                 ro code   0x800'ec78       0x2  stm32l4xx_hal_can.o [4]
    .text                 ro code   0x800'ec7a       0x2  stm32l4xx_hal_can.o [4]
    .text                 ro code   0x800'ec7c       0x2  stm32l4xx_hal_can.o [4]
    .text                 ro code   0x800'ec7e       0x2  stm32l4xx_hal_can.o [4]
    .text                 ro code   0x800'ec80       0x2  stm32l4xx_hal_can.o [4]
    .text                 ro code   0x800'ec82       0x2  stm32l4xx_hal_can.o [4]
    .text                 ro code   0x800'ec84       0x2  stm32l4xx_hal_can.o [4]
    .text                 ro code   0x800'ec86       0x2  stm32l4xx_hal_can.o [4]
    .text                 ro code   0x800'ec88       0x2  stm32l4xx_hal_can.o [4]
    .text                 ro code   0x800'ec8a       0x2  stm32l4xx_hal_i2c.o [4]
    .text                 ro code   0x800'ec8c       0x2  stm32l4xx_hal_i2c.o [4]
    .text                 ro code   0x800'ec8e       0x2  stm32l4xx_hal_i2c.o [4]
    .text                 ro code   0x800'ec90       0x2  stm32l4xx_hal_i2c.o [4]
    .text                 ro code   0x800'ec92       0x2  stm32l4xx_hal_i2c.o [4]
    .text                 ro code   0x800'ec94       0x2  stm32l4xx_hal_i2c.o [4]
    .text                 ro code   0x800'ec96       0x2  stm32l4xx_hal_uart.o [4]
    .text                 ro code   0x800'ec98       0x2  stm32l4xx_hal_uart.o [4]
    .text                 ro code   0x800'ec9a       0x2  stm32l4xx_hal_uart_ex.o [4]
    .text                 ro code   0x800'ec9c     0xa1c  stm32l4xx_hal_rcc.o [4]
    .text                 ro code   0x800'f6b8       0x2  stm32l4xx_hal_uart.o [4]
    .text                 ro code   0x800'f6ba       0x2  stm32l4xx_hal_uart.o [4]
    .text                 ro code   0x800'f6bc       0x2  stm32l4xx_hal_spi.o [4]
    .text                 ro code   0x800'f6c0      0x40  xfail_s.o [10]
    .text                 ro code   0x800'f700      0x58  memchr.o [12]
    .text                 ro code   0x800'f758      0x70  frexp.o [11]
    .text                 ro code   0x800'f7c8     0x25e  DblAddSub.o [11]
    .text                 ro code   0x800'fa28      0x70  xlocale_c.o [10]
    .text                 ro code   0x800'fa98      0x14  isspace.o [10]
    .text                 ro code   0x800'faac     0x144  gpio.o [2]
    .text                 ro code   0x800'fbf0      0xbc  cmsis_os2.o [8]
    .text                 ro code   0x800'fcac      0x60  stm32l4xx_hal_pwr.o [4]
    .text                 ro code   0x800'fd0c     0x10c  stm32l4xx_hal_pwr_ex.o [4]
    .text                 ro code   0x800'fe18      0x72  strl.o [6]
    .text                 ro code   0x800'fe8c     0x35a  strto64.o [11]
    .text                 ro code   0x801'01e8     0xd6c  xscanffull_nomb.o [10]
    .text                 ro code   0x801'0f54      0x32  ABImemset48.o [12]
    .text                 ro code   0x801'0f88      0x18  stm32l4xx_hal.o [4]
    .text                 ro code   0x801'0fa0       0x6  abort.o [10]
    .text                 ro code   0x801'0fa8     0x13a  ldexp.o [11]
    .text                 ro code   0x801'10e2     0x122  iar_Stopfx.o [10]
    .text                 ro code   0x801'1204     0x1b8  iar_Stoflt.o [10]
    .text                 ro code   0x801'13bc      0x22  S32ToDbl.o [11]
    .text                 ro code   0x801'13e0     0x208  iar_Stoxflt.o [10]
    .text                 ro code   0x801'15e8      0x14  isalpha.o [10]
    .text                 ro code   0x801'15fc      0x68  DblToFlt.o [11]
    .text                 ro code   0x801'1664     0x1b2  iar_Stoullx.o [10]
    .text                 ro code   0x801'1818      0xa6  iar_Stollx.o [10]
    .text                 ro code   0x801'18c0      0x14  exit.o [13]
    .text                 ro code   0x801'18d4     0x200  dlib_lock_glue.o [5]
    .text                 ro code   0x801'1ad4      0x84  xsyslock_mtx.o [14]
    .text                 ro code   0x801'1b58       0x4  xfiles.o [10]
    .text                 ro code   0x801'1b5c      0x14  xlockref.o [10]
    .text                 ro code   0x801'1b70     0x104  maintask.o [1]
    .text                 ro code   0x801'1c74      0x78  stm32_lpm.o [9]
    .text                 ro code   0x801'1cec      0x44  rng.o [2]
    .text                 ro code   0x801'1d30      0x3a  stm32l4xx_hal_rng.o [4]
    .text                 ro code   0x801'1d6c      0x10  startup_stm32l433xx.o [5]
    .text                 ro code   0x801'1d7c      0xdc  stm32_lpm_if.o [2]
    .text                 ro code   0x801'1e58      0x10  system_stm32l4xx.o [3]
    .text                 ro code   0x801'1e68      0x1c  cstartup_M.o [12]
    .text                 ro code   0x801'1e84      0x22  fpinit_M.o [11]
    .text                 ro code   0x801'1ea8      0x1e  cmain.o [12]
    .text                 ro code   0x801'1ec6       0x4  low_level_init.o [10]
    .text                 ro code   0x801'1ecc      0x28  data_init.o [12]
    .text                 ro code   0x801'1ef4       0x4  exit.o [10]
    .text                 ro code   0x801'1ef8       0xe  cexit.o [12]
    .text                 ro code   0x801'1f08       0x0  cstart_clearlocks.o [12]
    .text                 ro code   0x801'1f08      0x20  cmain_call_ctors.o [12]
    .text                 ro code   0x801'1f28      0x18  cppinit.o [10]
    SHT$$PREINIT_ARRAY              0x801'1f40       0x0  <Block>
    SHT$$INIT_ARRAY                 0x801'1f40       0x4  <Block>
      .init_array         const     0x801'1f40       0x4  dlib_lock_glue.o [5]
    __iar_tls$$INIT_ARRAY
                                    0x801'1f44       0x0  <Block>
    .text                 ro code   0x801'1f44       0x4  startup_stm32l433xx.o [5]
    .text                 ro code   0x801'1f48       0x4  startup_stm32l433xx.o [5]
    .text                 ro code   0x801'1f4c       0x4  startup_stm32l433xx.o [5]
    .text                 ro code   0x801'1f50       0x4  startup_stm32l433xx.o [5]
    .text                 ro code   0x801'1f54       0x4  startup_stm32l433xx.o [5]
    .text                 ro code   0x801'1f58       0x4  startup_stm32l433xx.o [5]
    .text                 ro code   0x801'1f5c       0x4  startup_stm32l433xx.o [5]
    .text                 ro code   0x801'1f60       0x4  startup_stm32l433xx.o [5]
    .text                 ro code   0x801'1f64       0x4  startup_stm32l433xx.o [5]
    .text                 ro code   0x801'1f68       0x4  startup_stm32l433xx.o [5]
    .text                 ro code   0x801'1f6c       0x4  startup_stm32l433xx.o [5]
    .text                 ro code   0x801'1f70       0x4  startup_stm32l433xx.o [5]
    .text                 ro code   0x801'1f74       0x4  startup_stm32l433xx.o [5]
    .text                 ro code   0x801'1f78       0x4  startup_stm32l433xx.o [5]
    .text                 ro code   0x801'1f7c       0x4  startup_stm32l433xx.o [5]
    .text                 ro code   0x801'1f80       0x4  startup_stm32l433xx.o [5]
    .text                 ro code   0x801'1f84       0x4  startup_stm32l433xx.o [5]
    .text                 ro code   0x801'1f88       0x4  startup_stm32l433xx.o [5]
    .text                 ro code   0x801'1f8c       0x4  startup_stm32l433xx.o [5]
    .text                 ro code   0x801'1f90       0x4  startup_stm32l433xx.o [5]
    .text                 ro code   0x801'1f94       0x4  startup_stm32l433xx.o [5]
    .text                 ro code   0x801'1f98       0x4  startup_stm32l433xx.o [5]
    .text                 ro code   0x801'1f9c       0x4  startup_stm32l433xx.o [5]
    .text                 ro code   0x801'1fa0       0x4  startup_stm32l433xx.o [5]
    .text                 ro code   0x801'1fa4       0x4  startup_stm32l433xx.o [5]
    .text                 ro code   0x801'1fa8       0x4  startup_stm32l433xx.o [5]
    .text                 ro code   0x801'1fac       0x4  startup_stm32l433xx.o [5]
    .text                 ro code   0x801'1fb0       0x4  startup_stm32l433xx.o [5]
    .text                 ro code   0x801'1fb4       0x4  startup_stm32l433xx.o [5]
    .text                 ro code   0x801'1fb8       0x4  startup_stm32l433xx.o [5]
    .text                 ro code   0x801'1fbc       0x4  startup_stm32l433xx.o [5]
    .text                 ro code   0x801'1fc0       0x4  startup_stm32l433xx.o [5]
    .text                 ro code   0x801'1fc4       0x4  startup_stm32l433xx.o [5]
    .text                 ro code   0x801'1fc8       0x4  startup_stm32l433xx.o [5]
    .text                 ro code   0x801'1fcc       0x4  startup_stm32l433xx.o [5]
    .text                 ro code   0x801'1fd0      0x38  zero_init3.o [12]
    .text                 ro code   0x801'2008      0x78  lz77_init_single.o [12]
    .iar.init_table       const     0x801'2080      0x24  - Linker created -
    .rodata               const     0x801'20a4       0x0  zero_init3.o [12]
    .rodata               const     0x801'20a4       0x0  lz77_init_single.o [12]
    Initializer bytes     const     0x801'20a4      0x5c  <for P2-1>
                                  - 0x801'2100  0x1'1f70

"P2", part 1 of 3:                                 0x115
  P2-1                             0x2000'0000     0x115  <Init block>
    .data                 inited   0x2000'0000      0x28  gerr.o [6]
    .data                 inited   0x2000'0028      0x28  mutex.o [6]
    .data                 inited   0x2000'0050      0x28  timer.o [6]
    .data                 inited   0x2000'0078       0x4  port.o [8]
    .data                 inited   0x2000'007c       0x4  rtc.o [2]
    .data                 inited   0x2000'0080       0x4  rtc.o [2]
    .data                 inited   0x2000'0084       0x4  serial.o [1]
    .data                 inited   0x2000'0088       0x4  serial.o [1]
    .data                 inited   0x2000'008c       0x4  stm32l4xx_hal.o [4]
    .data                 inited   0x2000'0090       0x4  system_stm32l4xx.o [3]
    .data                 inited   0x2000'0094      0x38  xlocale_c.o [10]
    .data                 inited   0x2000'00cc      0x48  xlocale_c.o [10]
    .data                 inited   0x2000'0114       0x1  stm32l4xx_hal.o [4]
                                 - 0x2000'0115     0x115

"P2", part 2 of 3:                                0x327c
  .bss                    zero     0x2000'0118     0xbb8  heap_4.o [2]
  .bss                    zero     0x2000'0cd0     0x460  tasks.o [8]
  .bss                    zero     0x2000'1130     0x400  cmsis_os2.o [8]
  .bss                    zero     0x2000'1530     0x300  gerr.o [6]
  .bss                    zero     0x2000'1830     0x2f8  usb.o [2]
  .bss                    zero     0x2000'1b28     0x258  serial.o [1]
  .bss                    zero     0x2000'1d80     0x258  serial.o [1]
  .bss                    zero     0x2000'1fd8     0x258  serial.o [1]
  .bss                    zero     0x2000'2230     0x200  cmsis_os2.o [8]
  .bss                    zero     0x2000'2600     0x194  main.o [2]
  .bss                    zero     0x2000'2794      0xa0  timers.o [8]
  .bss                    zero     0x2000'2834      0x88  usart.o [2]
  .bss                    zero     0x2000'28bc      0x88  usart.o [2]
  .bss                    zero     0x2000'2944      0x88  usart.o [2]
  .bss                    zero     0x2000'29cc      0x78  serial.o [1]
  .bss                    zero     0x2000'2a44      0x64  spi.o [2]
  .bss                    zero     0x2000'2aa8      0x64  spi.o [2]
  .bss                    zero     0x2000'2b0c      0x5c  cmsis_os2.o [8]
  .bss                    zero     0x2000'2b68      0x5c  cmsis_os2.o [8]
  .bss                    zero     0x2000'2bc4      0x54  i2c.o [2]
  .bss                    zero     0x2000'2c18      0x58  serial.o [1]
  .bss                    zero     0x2000'2c70      0x58  serial.o [1]
  .bss                    zero     0x2000'2cc8      0x58  serial.o [1]
  .bss                    zero     0x2000'2d20      0x54  i2c.o [2]
  .bss                    zero     0x2000'2d74      0x50  timers.o [8]
  .bss                    zero     0x2000'2dc4      0x4c  stm32l4xx_hal_timebase_tim.o [2]
  .bss                    zero     0x2000'2e10      0x48  spi.o [2]
  .bss                    zero     0x2000'2e58      0x48  spi.o [2]
  .bss                    zero     0x2000'2ea0      0x48  usart.o [2]
  .bss                    zero     0x2000'2ee8      0x48  usart.o [2]
  .bss                    zero     0x2000'2f30      0x48  usart.o [2]
  .bss                    zero     0x2000'2f78      0x48  usart.o [2]
  .bss                    zero     0x2000'2fc0      0x40  queue.o [8]
  .bss                    zero     0x2000'3000      0x38  lptim.o [2]
  .bss                    zero     0x2000'3038      0x2c  xttotm64.o [10]
  .bss                    zero     0x2000'3064      0x28  can.o [2]
  .bss                    zero     0x2000'308c      0x24  rtc.o [2]
  .bss                    zero     0x2000'30b0      0x20  gerr.o [6]
  .bss                    zero     0x2000'30d0      0x20  xfiles.o [10]
  .bss                    zero     0x2000'30f0      0x14  tasks.o [8]
  .bss                    zero     0x2000'3104      0x14  tasks.o [8]
  .bss                    zero     0x2000'3118      0x14  tasks.o [8]
  .bss                    zero     0x2000'312c      0x14  tasks.o [8]
  .bss                    zero     0x2000'3140      0x14  tasks.o [8]
  .bss                    zero     0x2000'3154      0x14  timers.o [8]
  .bss                    zero     0x2000'3168      0x14  timers.o [8]
  .bss                    zero     0x2000'317c      0x14  usart.o [2]
  .bss                    zero     0x2000'3190      0x14  usart.o [2]
  .bss                    zero     0x2000'31a4      0x14  usart.o [2]
  .bss                    zero     0x2000'31b8      0x10  mutex.o [6]
  .bss                    zero     0x2000'31c8      0x10  rng.o [2]
  .bss                    zero     0x2000'31d8      0x10  task.o [6]
  .bss                    zero     0x2000'31e8      0x10  tss.o [6]
  .bss                    zero     0x2000'31f8      0x10  tss.o [6]
  .bss                    zero     0x2000'3208      0x10  xsyslock_mtx.o [14]
  .bss                    zero     0x2000'3218       0xc  dlib_lock_glue.o [5]
  .bss                    zero     0x2000'3224       0xc  dlib_lock_glue.o [5]
  .bss                    zero     0x2000'3230       0x8  app.o [1]
  .bss                    zero     0x2000'3238       0x8  button.o [1]
  .bss                    zero     0x2000'3240       0x8  heap_4.o [2]
  .bss                    zero     0x2000'3248       0x8  n_cjson.o [7]
  .bss                    zero     0x2000'3250       0x8  serial.o [1]
  .bss                    zero     0x2000'3258       0x8  task.o [6]
  .bss                    zero     0x2000'3260       0x8  task.o [6]
  .bss                    zero     0x2000'3268       0x8  task.o [6]
  .bss                    zero     0x2000'3270       0x8  tasks.o [8]
  .bss                    zero     0x2000'3278       0x8  tasks.o [8]
  .bss                    zero     0x2000'3280       0x8  tasks.o [8]
  .bss                    zero     0x2000'3288       0x8  tasks.o [8]
  .bss                    zero     0x2000'3290       0x8  timer.o [6]
  .bss                    zero     0x2000'3298       0x8  tss.o [6]
  .bss                    zero     0x2000'32a0       0x8  tss.o [6]
  .bss                    zero     0x2000'32a8       0x4  cmsis_os2.o [8]
  .bss                    zero     0x2000'32ac       0x4  debug_if.o [2]
  .bss                    zero     0x2000'32b0       0x4  debug_if.o [2]
  .bss                    zero     0x2000'32b4       0x4  gmem.o [6]
  .bss                    zero     0x2000'32b8       0x4  gmem.o [6]
  .bss                    zero     0x2000'32bc       0x4  heap_4.o [2]
  .bss                    zero     0x2000'32c0       0x4  heap_4.o [2]
  .bss                    zero     0x2000'32c4       0x4  heap_4.o [2]
  .bss                    zero     0x2000'32c8       0x4  heap_4.o [2]
  .bss                    zero     0x2000'32cc       0x4  heap_4.o [2]
  .bss                    zero     0x2000'32d0       0x4  heap_4.o [2]
  .bss                    zero     0x2000'32d4       0x4  heap_4.o [2]
  .bss                    zero     0x2000'32d8       0x4  heap_4.o [2]
  .bss                    zero     0x2000'32dc       0x4  main.o [2]
  .bss                    zero     0x2000'32e0       0x4  port.o [8]
  .bss                    zero     0x2000'32e4       0x4  port.o [8]
  .bss                    zero     0x2000'32e8       0x4  port.o [8]
  .bss                    zero     0x2000'32ec       0x4  port.o [8]
  .bss                    zero     0x2000'32f0       0x4  reqtask.o [1]
  .bss                    zero     0x2000'32f4       0x4  rtc.o [2]
  .bss                    zero     0x2000'32f8       0x4  serial.o [1]
  .bss                    zero     0x2000'32fc       0x4  stm32_lpm.o [9]
  .bss                    zero     0x2000'3300       0x4  stm32_lpm.o [9]
  .bss                    zero     0x2000'3304       0x4  stm32_lpm_if.o [2]
  .bss                    zero     0x2000'3308       0x4  stm32_timer.o [9]
  .bss                    zero     0x2000'330c       0x4  stm32l4xx_hal.o [4]
  .bss                    zero     0x2000'3310       0x4  tasks.o [8]
  .bss                    zero     0x2000'3314       0x4  tasks.o [8]
  .bss                    zero     0x2000'3318       0x4  tasks.o [8]
  .bss                    zero     0x2000'331c       0x4  tasks.o [8]
  .bss                    zero     0x2000'3320       0x4  tasks.o [8]
  .bss                    zero     0x2000'3324       0x4  tasks.o [8]
  .bss                    zero     0x2000'3328       0x4  tasks.o [8]
  .bss                    zero     0x2000'332c       0x4  tasks.o [8]
  .bss                    zero     0x2000'3330       0x4  tasks.o [8]
  .bss                    zero     0x2000'3334       0x4  tasks.o [8]
  .bss                    zero     0x2000'3338       0x4  tasks.o [8]
  .bss                    zero     0x2000'333c       0x4  tasks.o [8]
  .bss                    zero     0x2000'3340       0x4  tasks.o [8]
  .bss                    zero     0x2000'3344       0x4  tasks.o [8]
  .bss                    zero     0x2000'3348       0x4  tasks.o [8]
  .bss                    zero     0x2000'334c       0x4  timer_if.o [2]
  .bss                    zero     0x2000'3350       0x4  timer_if.o [2]
  .bss                    zero     0x2000'3354       0x4  timers.o [8]
  .bss                    zero     0x2000'3358       0x4  timers.o [8]
  .bss                    zero     0x2000'335c       0x4  timers.o [8]
  .bss                    zero     0x2000'3360       0x4  timers.o [8]
  .bss                    zero     0x2000'3364       0x4  timers.o [8]
  .bss                    zero     0x2000'3368       0x4  usart.o [2]
  .bss                    zero     0x2000'336c       0x4  usart.o [2]
  .bss                    zero     0x2000'3370       0x4  usart.o [2]
  .bss                    zero     0x2000'3374       0x4  usart.o [2]
  .bss                    zero     0x2000'3378       0x4  usart.o [2]
  .bss                    zero     0x2000'337c       0x4  usart.o [2]
  .bss                    zero     0x2000'3380       0x4  xfail_s.o [10]
  .bss                    zero     0x2000'3384       0x2  gerr.o [6]
  .bss                    zero     0x2000'3386       0x2  gerr.o [6]
  .bss                    zero     0x2000'3388       0x2  task.o [6]
  .bss                    zero     0x2000'338a       0x1  debug_if.o [2]
  .bss                    zero     0x2000'338b       0x1  port.o [8]
  .bss                    zero     0x2000'338c       0x1  reqtask.o [1]
  .bss                    zero     0x2000'338d       0x1  serial.o [1]
  .bss                    zero     0x2000'338e       0x1  stm32_lpm_if.o [2]
  .bss                    zero     0x2000'338f       0x1  timer_if.o [2]
  .bss                    zero     0x2000'3390       0x1  tss.o [6]
  .bss                    zero     0x2000'3391       0x1  usart.o [2]
  .bss                    zero     0x2000'3392       0x1  usart.o [2]
                                 - 0x2000'3393    0x327b

"P2", part 3 of 3:                                 0x4c4
  .noinit                 uninit   0x2000'3394      0x80  dlib_lock_glue.o [5]
  .noinit                 uninit   0x2000'3414      0x40  dlib_lock_glue.o [5]
  CSTACK                           0x2000'3458     0x400  <Block>
    CSTACK                uninit   0x2000'3458     0x400  <Block tail>
                                 - 0x2000'3858     0x4c4

Unused ranges:

         From           To      Size
         ----           --      ----
   0x801'2100   0x803'ffff  0x2'df00
  0x2000'0115  0x2000'0117       0x3
  0x2000'3858  0x2000'ffff    0xc7a8


*******************************************************************************
*** INIT TABLE
***

          Address      Size
          -------      ----
Zero (__iar_zero_init3)
    1 destination range, total size 0x327b:
          0x2000'0118  0x327b

Copy/lz77 (__iar_lz77_init_single3)
    1 source range, total size 0x5c (33% of destination):
           0x801'20a4    0x5c
    1 destination range, total size 0x115:
          0x2000'0000   0x115

Extra (__iar_cstart_call_ctors)



*******************************************************************************
*** MODULE SUMMARY
***

    Module                        ro code  ro data  rw data
    ------                        -------  -------  -------
command line/config:
    -------------------------------------------------------
    Total:

C:\Users\rozzie\dev\cygnet\System\EWARM\cygnet\Obj\App: [1]
    app.o                             376        8        8
    button.o                           64                 8
    diag.o                            608      200
    led.o                             184
    maintask.o                        260      128
    req.o                             568      156
    reqtask.o                         548       24        5
    serial.o                        1'360       71    2'205
    -------------------------------------------------------
    Total:                          3'968      587    2'226

C:\Users\rozzie\dev\cygnet\System\EWARM\cygnet\Obj\Core: [2]
    can.o                                                40
    debug_if.o                        416                 9
    dma.o                              68
    gpio.o                            324
    heap_4.o                          656        4    3'040
    i2c.o                                               168
    lptim.o                                              56
    main.o                            512       84      408
    rng.o                              68                16
    rtc.o                             398        2       48
    spi.o                                               344
    stm32_lpm_if.o                    220       24        5
    stm32l4xx_hal_msp.o                64
    stm32l4xx_hal_timebase_tim.o      250                76
    stm32l4xx_it.o                    546
    timer_if.o                        644       64        9
    usart.o                         2'684       48      782
    usb.o                                               760
    -------------------------------------------------------
    Total:                          6'850      226    5'761

C:\Users\rozzie\dev\cygnet\System\EWARM\cygnet\Obj\Drivers\CMSIS: [3]
    system_stm32l4xx.o                 16       74        4
    -------------------------------------------------------
    Total:                             16       74        4

C:\Users\rozzie\dev\cygnet\System\EWARM\cygnet\Obj\Drivers\STM32L4xx_HAL_Driver: [4]
    stm32l4xx_hal.o                   136        2        9
    stm32l4xx_hal_can.o               574
    stm32l4xx_hal_cortex.o            332
    stm32l4xx_hal_dma.o             1'068
    stm32l4xx_hal_gpio.o              896
    stm32l4xx_hal_i2c.o             1'926
    stm32l4xx_hal_lptim.o             216
    stm32l4xx_hal_pcd.o             3'208
    stm32l4xx_hal_pcd_ex.o              2
    stm32l4xx_hal_pwr.o                96
    stm32l4xx_hal_pwr_ex.o            268
    stm32l4xx_hal_rcc.o             2'588
    stm32l4xx_hal_rcc_ex.o          1'272
    stm32l4xx_hal_rng.o                58
    stm32l4xx_hal_rtc.o             2'188
    stm32l4xx_hal_rtc_ex.o            396
    stm32l4xx_hal_spi.o               322
    stm32l4xx_hal_tim.o               722
    stm32l4xx_hal_tim_ex.o              6
    stm32l4xx_hal_uart.o            5'036
    stm32l4xx_hal_uart_ex.o           186
    stm32l4xx_ll_usb.o              2'254
    -------------------------------------------------------
    Total:                         23'750        2        9

C:\Users\rozzie\dev\cygnet\System\EWARM\cygnet\Obj\EWARM: [5]
    dlib_lock_glue.o                  512        4      216
    startup_stm32l433xx.o             552
    -------------------------------------------------------
    Total:                          1'064        4      216

C:\Users\rozzie\dev\cygnet\System\EWARM\cygnet\Obj\Global: [6]
    array.o                           600
    debug.o                           264       16
    gerr.o                            684      161      844
    gmem.o                            268       48        8
    mutex.o                           632      349       56
    os.o                               12
    strl.o                            180
    task.o                            540      156       42
    timer.o                           532       93       48
    tss.o                             224                49
    -------------------------------------------------------
    Total:                          3'936      823    1'047

C:\Users\rozzie\dev\cygnet\System\EWARM\cygnet\Obj\JSON: [7]
    n_cjson.o                       5'490       44        8
    n_cjson_helpers.o                 532
    n_lib.o                            40
    -------------------------------------------------------
    Total:                          6'062       44        8

C:\Users\rozzie\dev\cygnet\System\EWARM\cygnet\Obj\Middlewares\FreeRTOS: [8]
    cmsis_os2.o                       236             1'724
    list.o                            154
    port.o                          1'016        6       21
    portasm.o                         176
    queue.o                         2'500                64
    tasks.o                         4'376        8    1'312
    timers.o                        1'236       16      300
    -------------------------------------------------------
    Total:                          9'694       30    3'421

C:\Users\rozzie\dev\cygnet\System\EWARM\cygnet\Obj\Utilities: [9]
    stm32_lpm.o                       120                 8
    stm32_systime.o                   180       24
    stm32_timer.o                     520                 4
    -------------------------------------------------------
    Total:                            820       24       12

dl7M_tlf.a: [10]
    abort.o                             6
    cppinit.o                          24
    exit.o                              4
    gmtime64.o                         18
    iar_Stoflt.o                      440
    iar_Stollx.o                      166
    iar_Stopfx.o                      290
    iar_Stoullx.o                     434       80
    iar_Stoulx.o                      332       80
    iar_Stoxflt.o                     520
    isalpha.o                          20
    ispunct.o                          20
    isspace.o                          20
    low_level_init.o                    4
    snprintf.o                         68
    sprintf.o                          64
    sscanf.o                           40
    strncmp.o                          40
    strstr.o                           44
    tolower.o                          20
    vsnprint.o                         60
    xDaysTo64.o                       204
    xfail_s.o                          64                 4
    xfiles.o                            4                32
    xisdst_nop64.o                      6
    xlocale_c.o                       112       47      128
    xlockref.o                         20
    xprintflarge_nomb.o             3'426
    xscanffull_nomb.o               3'436       76
    xsnprout.o                         26
    xsprout.o                          10
    xsscin.o                           30
    xttotm64.o                        356                44
    -------------------------------------------------------
    Total:                         10'328      283      208

m7M_tls.a: [11]
    DblAddSub.o                       606
    DblCmpEq.o                         32
    DblCmpGe.o                         52
    DblCmpLe.o                         52
    DblDiv.o                          582
    DblMul.o                          426
    DblToFlt.o                        104
    DblToS32.o                         54
    DblToU32.o                         34
    S32ToDbl.o                         34
    U32ToDbl.o                         28
    fpinit_M.o                         34
    frexp.o                           112
    ldexp.o                           314
    math_wrappers64.o                  14
    strto64.o                         858       72
    -------------------------------------------------------
    Total:                          3'336       72

rt7M_tl.a: [12]
    ABImemclr4.o                        6
    ABImemcpy.o                       166
    ABImemmove.o                      150
    ABImemset.o                       102
    ABImemset48.o                      50
    I64DivMod.o                       628
    I64DivZer.o                         2
    cexit.o                            14
    cmain.o                            30
    cmain_call_ctors.o                 32
    cstart_clearlocks.o
    cstartup_M.o                       28
    data_init.o                        40
    lz77_init_single.o                120
    memchr.o                           88
    memcmp.o                          104
    strchr.o                           22
    strcmp.o                           18
    strcpy.o                           24
    strlen.o                           54
    zero_init3.o                       56
    -------------------------------------------------------
    Total:                          1'734

shb_l.a: [13]
    exit.o                             20
    -------------------------------------------------------
    Total:                             20

th7M_tlf.a: [14]
    xsyslock_mtx.o                    132                16
    -------------------------------------------------------
    Total:                            132                16

    Gaps                               65               464
    Linker created                              36    1'024
-----------------------------------------------------------
    Grand Total:                   71'775    2'205   14'416


*******************************************************************************
*** ENTRY LIST
***

Entry                       Address   Size  Type      Object
-----                       -------   ----  ----      ------
.iar.init_table$$Base    0x801'2080          --   Gb  - Linker created -
.iar.init_table$$Limit   0x801'20a4          --   Gb  - Linker created -
?main                    0x801'1ea9         Code  Gb  cmain.o [12]
AHBPrescTable            0x800'06fc   0x10  Data  Gb  system_stm32l4xx.o [3]
APBPrescTable            0x800'070c    0x8  Data  Gb  system_stm32l4xx.o [3]
BusFault_Handler         0x800'5e4f    0xc  Code  Gb  stm32l4xx_it.o [2]
CAN1_RX0_IRQHandler      0x800'5ead    0xa  Code  Gb  stm32l4xx_it.o [2]
CAN1_RX1_IRQHandler      0x800'5eb7    0xa  Code  Gb  stm32l4xx_it.o [2]
CAN1_SCE_IRQHandler      0x800'5ec1    0xa  Code  Gb  stm32l4xx_it.o [2]
CAN1_TX_IRQHandler       0x800'5ea3    0xa  Code  Gb  stm32l4xx_it.o [2]
CSTACK$$Base            0x2000'3458          --   Gb  - Linker created -
CSTACK$$Limit           0x2000'3858          --   Gb  - Linker created -
DMA1_Channel4_IRQHandler
                         0x800'5f25    0xa  Code  Gb  stm32l4xx_it.o [2]
DMA1_Channel5_IRQHandler
                         0x800'5f2f    0xa  Code  Gb  stm32l4xx_it.o [2]
DMA1_Channel6_IRQHandler
                         0x800'5f39    0xa  Code  Gb  stm32l4xx_it.o [2]
DMA1_Channel7_IRQHandler
                         0x800'5f43    0xa  Code  Gb  stm32l4xx_it.o [2]
DMA2_Channel6_IRQHandler
                         0x800'5f4d    0xa  Code  Gb  stm32l4xx_it.o [2]
DMA2_Channel7_IRQHandler
                         0x800'5f57    0xa  Code  Gb  stm32l4xx_it.o [2]
DMA_SetConfig            0x800'ccef   0x32  Code  Lc  stm32l4xx_hal_dma.o [4]
DebugMon_Handler         0x800'5e63    0x2  Code  Gb  stm32l4xx_it.o [2]
Dtentox                  0x800'fe8d  0x1d4  Code  Lc  strto64.o [11]
EXTI0_IRQHandler         0x800'5fe9    0xa  Code  Gb  stm32l4xx_it.o [2]
EXTI15_10_IRQHandler     0x800'6027    0xc  Code  Gb  stm32l4xx_it.o [2]
EXTI1_IRQHandler         0x800'5ff3    0xa  Code  Gb  stm32l4xx_it.o [2]
EXTI2_IRQHandler         0x800'5ffd    0xa  Code  Gb  stm32l4xx_it.o [2]
EXTI3_IRQHandler         0x800'6007    0xa  Code  Gb  stm32l4xx_it.o [2]
EXTI4_IRQHandler         0x800'6011    0xa  Code  Gb  stm32l4xx_it.o [2]
EXTI9_5_IRQHandler       0x800'601b    0xc  Code  Gb  stm32l4xx_it.o [2]
Error_Handler            0x800'5e65    0xc  Code  Gb  stm32l4xx_it.o [2]
GPIO_EXTI_IRQHandler     0x800'5f6f   0x24  Code  Gb  stm32l4xx_it.o [2]
GetTimerTicks            0x800'322b   0x52  Code  Lc  timer_if.o [2]
GetTimerTicks::lastTick
                        0x2000'3350    0x4  Data  Lc  timer_if.o [2]
HAL_CAN_IRQHandler       0x800'aa71  0x224  Code  Gb  stm32l4xx_hal_can.o [4]
HAL_DBGMCU_DisableDBGSleepMode
                         0x800'93dd    0xc  Code  Gb  stm32l4xx_hal.o [4]
HAL_DBGMCU_DisableDBGStandbyMode
                         0x800'940d    0xc  Code  Gb  stm32l4xx_hal.o [4]
HAL_DBGMCU_DisableDBGStopMode
                         0x800'93f5    0xc  Code  Gb  stm32l4xx_hal.o [4]
HAL_DBGMCU_EnableDBGSleepMode
                         0x800'93d1    0xc  Code  Gb  stm32l4xx_hal.o [4]
HAL_DBGMCU_EnableDBGStandbyMode
                         0x800'9401    0xc  Code  Gb  stm32l4xx_hal.o [4]
HAL_DBGMCU_EnableDBGStopMode
                         0x800'93e9    0xc  Code  Gb  stm32l4xx_hal.o [4]
HAL_DMA_Abort            0x800'cb41   0x54  Code  Gb  stm32l4xx_hal_dma.o [4]
HAL_DMA_Abort_IT         0x800'cb95   0x5e  Code  Gb  stm32l4xx_hal_dma.o [4]
HAL_DMA_DeInit           0x800'c9d5   0xb8  Code  Gb  stm32l4xx_hal_dma.o [4]
HAL_DMA_GetError         0x800'cceb    0x4  Code  Gb  stm32l4xx_hal_dma.o [4]
HAL_DMA_GetState         0x800'cce5    0x6  Code  Gb  stm32l4xx_hal_dma.o [4]
HAL_DMA_IRQHandler       0x800'cbf3   0xf2  Code  Gb  stm32l4xx_hal_dma.o [4]
HAL_DMA_Init             0x800'c8f5   0xe0  Code  Gb  stm32l4xx_hal_dma.o [4]
HAL_DMA_Start_IT         0x800'caa9   0x98  Code  Gb  stm32l4xx_hal_dma.o [4]
HAL_Delay                0x800'3291   0x12  Code  Gb  timer_if.o [2]
HAL_GPIO_DeInit          0x800'1df7  0x166  Code  Gb  stm32l4xx_hal_gpio.o [4]
HAL_GPIO_EXTI_Callback   0x800'5f61    0xe  Code  Gb  stm32l4xx_it.o [2]
HAL_GPIO_Init            0x800'1c35  0x1c2  Code  Gb  stm32l4xx_hal_gpio.o [4]
HAL_GPIO_ReadPin         0x800'1f5d   0x16  Code  Gb  stm32l4xx_hal_gpio.o [4]
HAL_GPIO_WritePin        0x800'1f73   0x18  Code  Gb  stm32l4xx_hal_gpio.o [4]
HAL_GetTick              0x800'327d   0x14  Code  Gb  timer_if.o [2]
HAL_I2C_ER_IRQHandler    0x800'acb3   0x66  Code  Gb  stm32l4xx_hal_i2c.o [4]
HAL_I2C_EV_IRQHandler    0x800'ac95   0x1e  Code  Gb  stm32l4xx_hal_i2c.o [4]
HAL_IncTick              0x801'0f89   0x18  Code  Wk  stm32l4xx_hal.o [4]
HAL_Init                 0x800'93ad   0x24  Code  Gb  stm32l4xx_hal.o [4]
HAL_InitTick             0x800'e239   0xb6  Code  Gb  stm32l4xx_hal_timebase_tim.o [2]
HAL_LPTIM_IRQHandler     0x800'9d2d   0xca  Code  Gb  stm32l4xx_hal_lptim.o [4]
HAL_MspInit              0x800'e335   0x40  Code  Gb  stm32l4xx_hal_msp.o [2]
HAL_NVIC_DisableIRQ      0x800'9a39    0xe  Code  Gb  stm32l4xx_hal_cortex.o [4]
HAL_NVIC_EnableIRQ       0x800'9a2b    0xe  Code  Gb  stm32l4xx_hal_cortex.o [4]
HAL_NVIC_SetPriority     0x800'9a01   0x2a  Code  Gb  stm32l4xx_hal_cortex.o [4]
HAL_NVIC_SetPriorityGrouping
                         0x800'99f5    0xc  Code  Gb  stm32l4xx_hal_cortex.o [4]
HAL_PCDEx_LPM_Callback   0x800'ec63    0x2  Code  Wk  stm32l4xx_hal_pcd_ex.o [4]
HAL_PCD_EP_DB_Receive    0x800'a4c3  0x148  Code  Lc  stm32l4xx_hal_pcd.o [4]
HAL_PCD_EP_DB_Transmit   0x800'a60b  0x466  Code  Lc  stm32l4xx_hal_pcd.o [4]
HAL_PCD_IRQHandler       0x800'9df7  0x1a2  Code  Gb  stm32l4xx_hal_pcd.o [4]
HAL_PCD_SetAddress       0x800'9f99   0x30  Code  Gb  stm32l4xx_hal_pcd.o [4]
HAL_PWREx_ControlVoltageScaling
                         0x800'fd19   0x76  Code  Gb  stm32l4xx_hal_pwr_ex.o [4]
HAL_PWREx_DisableLowPowerRunMode
                         0x800'fd9b   0x38  Code  Gb  stm32l4xx_hal_pwr_ex.o [4]
HAL_PWREx_EnableLowPowerRunMode
                         0x800'fd8f    0xc  Code  Gb  stm32l4xx_hal_pwr_ex.o [4]
HAL_PWREx_EnterSTOP2Mode
                         0x800'fdd3   0x32  Code  Gb  stm32l4xx_hal_pwr_ex.o [4]
HAL_PWREx_GetVoltageRange
                         0x800'fd0d    0xc  Code  Gb  stm32l4xx_hal_pwr_ex.o [4]
HAL_PWR_EnableBkUpAccess
                         0x800'fcad    0xc  Code  Gb  stm32l4xx_hal_pwr.o [4]
HAL_PWR_EnterSLEEPMode   0x800'fcb9   0x46  Code  Gb  stm32l4xx_hal_pwr.o [4]
HAL_RCCEx_EnableMSIPLLMode
                         0x800'977d    0xe  Code  Gb  stm32l4xx_hal_rcc_ex.o [4]
HAL_RCCEx_PeriphCLKConfig
                         0x800'941d  0x34c  Code  Gb  stm32l4xx_hal_rcc_ex.o [4]
HAL_RCC_ClockConfig      0x800'f325  0x17a  Code  Gb  stm32l4xx_hal_rcc.o [4]
HAL_RCC_GetClockConfig   0x800'f5ad   0x34  Code  Gb  stm32l4xx_hal_rcc.o [4]
HAL_RCC_GetHCLKFreq      0x800'f573    0x6  Code  Gb  stm32l4xx_hal_rcc.o [4]
HAL_RCC_GetPCLK1Freq     0x800'f579   0x1a  Code  Gb  stm32l4xx_hal_rcc.o [4]
HAL_RCC_GetPCLK2Freq     0x800'f593   0x1a  Code  Gb  stm32l4xx_hal_rcc.o [4]
HAL_RCC_GetSysClockFreq
                         0x800'f49f   0xd4  Code  Gb  stm32l4xx_hal_rcc.o [4]
HAL_RCC_OscConfig        0x800'ec9d  0x688  Code  Gb  stm32l4xx_hal_rcc.o [4]
HAL_RNG_DeInit           0x801'1d31   0x3a  Code  Gb  stm32l4xx_hal_rng.o [4]
HAL_RNG_MspDeInit        0x801'1d01   0x1e  Code  Gb  rng.o [2]
HAL_RTCEx_AlarmBEventCallback
                         0x800'9a61    0x2  Code  Wk  stm32l4xx_hal_rtc_ex.o [4]
HAL_RTCEx_BKUPRead       0x800'5e01    0xe  Code  Gb  stm32l4xx_hal_rtc_ex.o [4]
HAL_RTCEx_BKUPWrite      0x800'5de9   0x18  Code  Gb  stm32l4xx_hal_rtc_ex.o [4]
HAL_RTCEx_EnableBypassShadow
                         0x800'5d93   0x48  Code  Gb  stm32l4xx_hal_rtc_ex.o [4]
HAL_RTCEx_SetWakeUpTimer_IT
                         0x800'5c85   0xda  Code  Gb  stm32l4xx_hal_rtc_ex.o [4]
HAL_RTCEx_WakeUpTimerEventCallback
                         0x800'53ed    0xa  Code  Gb  rtc.o [2]
HAL_RTCEx_WakeUpTimerIRQHandler
                         0x800'5d5f   0x34  Code  Gb  stm32l4xx_hal_rtc_ex.o [4]
HAL_RTC_AlarmAEventCallback
                         0x800'317b    0xa  Code  Gb  timer_if.o [2]
HAL_RTC_AlarmIRQHandler
                         0x800'5b13   0x60  Code  Gb  stm32l4xx_hal_rtc.o [4]
HAL_RTC_DeactivateAlarm
                         0x800'5a39   0xda  Code  Gb  stm32l4xx_hal_rtc.o [4]
HAL_RTC_Init             0x800'53f9   0xca  Code  Gb  stm32l4xx_hal_rtc.o [4]
HAL_RTC_MspInit          0x800'5337   0x76  Code  Gb  rtc.o [2]
HAL_RTC_SetAlarm         0x800'5685  0x1ce  Code  Gb  stm32l4xx_hal_rtc.o [4]
HAL_RTC_SetAlarm_IT      0x800'5853  0x1e6  Code  Gb  stm32l4xx_hal_rtc.o [4]
HAL_RTC_SetDate          0x800'55b9   0xcc  Code  Gb  stm32l4xx_hal_rtc.o [4]
HAL_RTC_SetTime          0x800'54c3   0xf6  Code  Gb  stm32l4xx_hal_rtc.o [4]
HAL_RTC_WaitForSynchro   0x800'5b73   0x2e  Code  Gb  stm32l4xx_hal_rtc.o [4]
HAL_ResumeTick           0x800'e2ff   0x10  Code  Gb  stm32l4xx_hal_timebase_tim.o [2]
HAL_SPI_IRQHandler       0x800'c7b5  0x128  Code  Gb  stm32l4xx_hal_spi.o [4]
HAL_SuspendTick          0x800'e2ef   0x10  Code  Gb  stm32l4xx_hal_timebase_tim.o [2]
HAL_TIMEx_Break2Callback
                         0x800'e37f    0x2  Code  Wk  stm32l4xx_hal_tim_ex.o [4]
HAL_TIMEx_BreakCallback
                         0x800'e37d    0x2  Code  Wk  stm32l4xx_hal_tim_ex.o [4]
HAL_TIMEx_CommutCallback
                         0x800'e383    0x2  Code  Wk  stm32l4xx_hal_tim_ex.o [4]
HAL_TIM_Base_Init        0x800'9a65   0x7a  Code  Gb  stm32l4xx_hal_tim.o [4]
HAL_TIM_Base_Start_IT    0x800'9adf   0x70  Code  Gb  stm32l4xx_hal_tim.o [4]
HAL_TIM_IRQHandler       0x800'9b5d  0x154  Code  Gb  stm32l4xx_hal_tim.o [4]
HAL_TIM_PeriodElapsedCallback
                         0x800'e321   0x12  Code  Gb  stm32l4xx_hal_timebase_tim.o [2]
HAL_UARTEx_StopModeWakeUpSourceConfig
                         0x800'db5b   0x90  Code  Gb  stm32l4xx_hal_uart_ex.o [4]
HAL_UARTEx_WakeupCallback
                         0x800'ec9b    0x2  Code  Wk  stm32l4xx_hal_uart_ex.o [4]
HAL_UART_Abort           0x800'b761  0x124  Code  Gb  stm32l4xx_hal_uart.o [4]
HAL_UART_DMAStop         0x800'b6af   0xb2  Code  Gb  stm32l4xx_hal_uart.o [4]
HAL_UART_DeInit          0x800'b48b   0x56  Code  Gb  stm32l4xx_hal_uart.o [4]
HAL_UART_GetState        0x800'bbd5    0xc  Code  Gb  stm32l4xx_hal_uart.o [4]
HAL_UART_IRQHandler      0x800'b885  0x336  Code  Gb  stm32l4xx_hal_uart.o [4]
HAL_UART_Init            0x800'b411   0x7a  Code  Gb  stm32l4xx_hal_uart.o [4]
HAL_UART_MspDeInit       0x800'74dd  0x106  Code  Gb  usart.o [2]
HAL_UART_MspInit         0x800'71c7  0x316  Code  Gb  usart.o [2]
HAL_UART_Receive_DMA     0x800'b651   0x5e  Code  Gb  stm32l4xx_hal_uart.o [4]
HAL_UART_Receive_IT      0x800'b54f   0x5e  Code  Gb  stm32l4xx_hal_uart.o [4]
HAL_UART_RxAvailable     0x800'6f0f   0x3c  Code  Gb  usart.o [2]
HAL_UART_RxCpltCallback
                         0x800'6e5d   0xb2  Code  Gb  usart.o [2]
HAL_UART_RxGet           0x800'6f4b   0x4c  Code  Gb  usart.o [2]
HAL_UART_Transmit_DMA    0x800'b5ad   0xa4  Code  Gb  stm32l4xx_hal_uart.o [4]
HAL_UART_Transmit_IT     0x800'b4e1   0x6e  Code  Gb  stm32l4xx_hal_uart.o [4]
HAL_UART_TxCpltCallback
                         0x800'6cb7   0x4e  Code  Gb  usart.o [2]
HardFault_Handler        0x800'5e37    0xc  Code  Gb  stm32l4xx_it.o [2]
I2C1_ER_IRQHandler       0x800'5ed5    0xa  Code  Gb  stm32l4xx_it.o [2]
I2C1_EV_IRQHandler       0x800'5ecb    0xa  Code  Gb  stm32l4xx_it.o [2]
I2C3_ER_IRQHandler       0x800'5ee9    0xa  Code  Gb  stm32l4xx_it.o [2]
I2C3_EV_IRQHandler       0x800'5edf    0xa  Code  Gb  stm32l4xx_it.o [2]
I2C_DMAAbort             0x800'b361   0x26  Code  Lc  stm32l4xx_hal_i2c.o [4]
I2C_Disable_IRQ          0x800'b395   0x7a  Code  Lc  stm32l4xx_hal_i2c.o [4]
I2C_Flush_TXDR           0x800'b33b   0x24  Code  Lc  stm32l4xx_hal_i2c.o [4]
I2C_ITAddrCplt           0x800'ae5d   0xdc  Code  Lc  stm32l4xx_hal_i2c.o [4]
I2C_ITError              0x800'b1bb  0x14a  Code  Lc  stm32l4xx_hal_i2c.o [4]
I2C_ITListenCplt         0x800'b151   0x6a  Code  Lc  stm32l4xx_hal_i2c.o [4]
I2C_ITSlaveCplt          0x800'afbd  0x192  Code  Lc  stm32l4xx_hal_i2c.o [4]
I2C_ITSlaveSeqCplt       0x800'af39   0x80  Code  Lc  stm32l4xx_hal_i2c.o [4]
I2C_Slave_ISR_IT         0x800'ad19  0x144  Code  Lc  stm32l4xx_hal_i2c.o [4]
I2C_TreatErrorCallback   0x800'b305   0x36  Code  Lc  stm32l4xx_hal_i2c.o [4]
JAddNumberToObject       0x800'8f65   0x4a  Code  Gb  n_cjson.o [7]
JCreateNumber            0x800'8faf   0x60  Code  Gb  n_cjson.o [7]
JCreateObject            0x800'901d   0x10  Code  Gb  n_cjson.o [7]
JDelete                  0x800'7be7   0x50  Code  Gb  n_cjson.o [7]
JGetBool                 0x800'915d   0x42  Code  Gb  n_cjson_helpers.o [7]
JGetItemType             0x800'91a9  0x13c  Code  Gb  n_cjson_helpers.o [7]
JGetNumber               0x800'911d   0x3c  Code  Gb  n_cjson_helpers.o [7]
JGetObjectItem           0x800'8e95   0x1a  Code  Gb  n_cjson.o [7]
JGetString               0x800'90d1   0x3c  Code  Gb  n_cjson_helpers.o [7]
JIsBool                  0x800'904b   0x1c  Code  Gb  n_cjson.o [7]
JIsNumber                0x800'9067   0x1e  Code  Gb  n_cjson.o [7]
JIsString                0x800'9085   0x1e  Code  Gb  n_cjson.o [7]
JIsTrue                  0x800'902d   0x1e  Code  Gb  n_cjson.o [7]
JNew_Item                0x800'7bc5   0x22  Code  Lc  n_cjson.o [7]
JNumberValue             0x800'910d   0x10  Code  Gb  n_cjson_helpers.o [7]
JParse                   0x800'858d   0x10  Code  Gb  n_cjson.o [7]
JParseWithOpts           0x800'84c1   0xcc  Code  Gb  n_cjson.o [7]
JPrintUnformattedOmitEmpty
                         0x800'8669   0x18  Code  Gb  n_cjson.o [7]
Jstrdup                  0x800'7b81   0x44  Code  Lc  n_cjson.o [7]
KernelState             0x2000'32a8    0x4  Data  Lc  cmsis_os2.o [8]
LL_LPUART_ClearFlag_ORE
                         0x800'6c05    0x6  Code  Lc  usart.o [2]
LL_LPUART_ClearFlag_WKUP
                         0x800'6c0b    0x8  Code  Lc  usart.o [2]
LL_LPUART_EnableIT_WKUP
                         0x800'6c13   0x1c  Code  Lc  usart.o [2]
LL_LPUART_EnableInStopMode
                         0x800'6bf1   0x14  Code  Lc  usart.o [2]
LL_RTC_TIME_GetSubSecond
                         0x800'3035    0x6  Code  Lc  timer_if.o [2]
LPTIM1_IRQHandler        0x800'5e8f    0xa  Code  Gb  stm32l4xx_it.o [2]
LPUART1_IRQHandler       0x800'5ef3    0xa  Code  Gb  stm32l4xx_it.o [2]
MSIRangeTable            0x800'0714   0x30  Data  Gb  system_stm32l4xx.o [3]
MX_ActivePeripherals     0x800'df49   0xbe  Code  Gb  main.o [2]
MX_Breakpoint            0x800'50c9    0xe  Code  Gb  debug_if.o [2]
MX_DBG                   0x800'50f3   0x24  Code  Gb  debug_if.o [2]
MX_DBG_Active            0x800'50e9    0xa  Code  Gb  debug_if.o [2]
MX_DBG_Enable            0x800'5121    0xc  Code  Gb  debug_if.o [2]
MX_DBG_Init              0x800'512d   0x5e  Code  Gb  debug_if.o [2]
MX_DBG_SetOutput         0x800'5117    0xa  Code  Gb  debug_if.o [2]
MX_DMA_DeInit            0x800'dc41   0x14  Code  Gb  dma.o [2]
MX_DMA_Init              0x800'dc15   0x2c  Code  Gb  dma.o [2]
MX_GPIO_Init             0x800'faad   0xf0  Code  Gb  gpio.o [2]
MX_GPIO_Stop             0x800'fb9d   0x40  Code  Gb  gpio.o [2]
MX_ImageSize             0x800'e007    0x4  Code  Gb  main.o [2]
MX_InISR                 0x800'50d7   0x12  Code  Gb  debug_if.o [2]
MX_JumpToBootloader      0x800'518b   0xa0  Code  Gb  debug_if.o [2]
MX_LPUART1_UART_Init     0x800'6f97   0x18  Code  Gb  usart.o [2]
MX_LPUART1_UART_ReInit   0x800'6faf   0x52  Code  Gb  usart.o [2]
MX_LPUART1_UART_Resume   0x800'7041    0x2  Code  Gb  usart.o [2]
MX_LPUART1_UART_Suspend
                         0x800'7001   0x40  Code  Gb  usart.o [2]
MX_RNG_DeInit            0x801'1ced   0x14  Code  Gb  rng.o [2]
MX_RTC_Init              0x800'52c9   0x6e  Code  Gb  rtc.o [2]
MX_RTC_Reset             0x800'5269   0x60  Code  Gb  rtc.o [2]
MX_RTC_ResetWakeupTimer
                         0x800'53ad   0x22  Code  Gb  rtc.o [2]
MX_UART_RxConfigure      0x800'6d6f   0xa0  Code  Gb  usart.o [2]
MX_UART_RxStart          0x800'6d05   0x6a  Code  Gb  usart.o [2]
MX_UART_Transmit         0x800'6c2f   0x88  Code  Gb  usart.o [2]
MX_USART1_UART_DeInit    0x800'70b1   0x58  Code  Gb  usart.o [2]
MX_USART1_UART_Init      0x800'7043   0x10  Code  Gb  usart.o [2]
MX_USART1_UART_ReInit    0x800'7053   0x56  Code  Gb  usart.o [2]
MX_USART2_UART_DeInit    0x800'716f   0x58  Code  Gb  usart.o [2]
MX_USART2_UART_Init      0x800'7109   0x18  Code  Gb  usart.o [2]
MX_USART2_UART_ReInit    0x800'7121   0x4e  Code  Gb  usart.o [2]
MemManage_Handler        0x800'5e43    0xc  Code  Gb  stm32l4xx_it.o [2]
NMI_Handler              0x800'5e2b    0xc  Code  Gb  stm32l4xx_it.o [2]
NVIC_EncodePriority      0x800'99b5   0x40  Code  Lc  stm32l4xx_hal_cortex.o [4]
OffModeDisable          0x2000'3300    0x4  Data  Lc  stm32_lpm.o [9]
PCD_EP_ISR_Handler       0x800'9fc9  0x4fa  Code  Lc  stm32l4xx_hal_pcd.o [4]
PWR_EnterOffMode         0x801'1d7d    0x2  Code  Gb  stm32_lpm_if.o [2]
PWR_EnterSleepMode       0x801'1d81   0x10  Code  Gb  stm32_lpm_if.o [2]
PWR_EnterStopMode        0x801'1d99   0x86  Code  Gb  stm32_lpm_if.o [2]
PWR_ExitOffMode          0x801'1d7f    0x2  Code  Gb  stm32_lpm_if.o [2]
PWR_ExitSleepMode        0x801'1d91    0x8  Code  Gb  stm32_lpm_if.o [2]
PWR_ExitStopMode         0x801'1e1f   0x2e  Code  Gb  stm32_lpm_if.o [2]
PendSV_Handler           0x800'36cd         Code  Gb  portasm.o [8]
RCCEx_PLLSAI1_Config     0x800'978b  0x16e  Code  Lc  stm32l4xx_hal_rcc_ex.o [4]
RCC_SetFlashLatencyFromMSIRange
                         0x800'f5f5   0x8a  Code  Lc  stm32l4xx_hal_rcc.o [4]
ROM_CONTENT$$Base        0x800'0190          --   Gb  - Linker created -
ROM_CONTENT$$Limit       0x801'2100         Data  Gb  - Linker created -
RTC_Alarm_IRQHandler     0x800'5e7b    0xa  Code  Gb  stm32l4xx_it.o [2]
RTC_ByteToBcd2           0x800'5c69   0x1c  Code  Gb  stm32l4xx_hal_rtc.o [4]
RTC_EnterInitMode        0x800'5ba1   0x4c  Code  Gb  stm32l4xx_hal_rtc.o [4]
RTC_ExitInitMode         0x800'5bed   0x58  Code  Gb  stm32l4xx_hal_rtc.o [4]
RTC_WKUP_IRQHandler      0x800'5e85    0xa  Code  Gb  stm32l4xx_it.o [2]
Region$$Table$$Base      0x801'2080          --   Gb  - Linker created -
Region$$Table$$Limit     0x801'20a4          --   Gb  - Linker created -
RtcTimerContext         0x2000'334c    0x4  Data  Gb  timer_if.o [2]
SHT$$INIT_ARRAY$$Base    0x801'1f40          --   Gb  - Linker created -
SHT$$INIT_ARRAY$$Limit   0x801'1f44          --   Gb  - Linker created -
SHT$$PREINIT_ARRAY$$Base
                         0x801'1f40          --   Gb  - Linker created -
SHT$$PREINIT_ARRAY$$Limit
                         0x801'1f40          --   Gb  - Linker created -
SPI1_IRQHandler          0x800'5f11    0xa  Code  Gb  stm32l4xx_it.o [2]
SPI2_IRQHandler          0x800'5f1b    0xa  Code  Gb  stm32l4xx_it.o [2]
SPI_DMAAbortOnError      0x800'c8dd   0x18  Code  Lc  stm32l4xx_hal_spi.o [4]
SVC_Handler              0x800'3725         Code  Gb  portasm.o [8]
SVC_Setup                0x800'fc37    0xe  Code  Lc  cmsis_os2.o [8]
StopModeDisable         0x2000'32fc    0x4  Data  Lc  stm32_lpm.o [9]
SysTick_Handler          0x800'fc21   0x16  Code  Gb  cmsis_os2.o [8]
SysTimeAdd               0x800'32b9   0x4e  Code  Gb  stm32_systime.o [9]
SysTimeGet               0x800'3307   0x54  Code  Gb  stm32_systime.o [9]
SystemClock_Config       0x800'deab   0x9e  Code  Gb  main.o [2]
SystemCoreClock         0x2000'0090    0x4  Data  Gb  system_stm32l4xx.o [3]
SystemInit               0x801'1e59    0xc  Code  Gb  system_stm32l4xx.o [3]
TIM2_IRQHandler          0x800'5e71    0xa  Code  Gb  stm32l4xx_it.o [2]
TIMER_IF_BkUp_Read_MSBticks
                         0x800'321f    0xc  Code  Lc  timer_if.o [2]
TIMER_IF_BkUp_Read_Seconds
                         0x800'31f3    0xe  Code  Gb  timer_if.o [2]
TIMER_IF_BkUp_Read_SubSeconds
                         0x800'3201    0xe  Code  Gb  timer_if.o [2]
TIMER_IF_BkUp_Write_MSBticks
                         0x800'320f   0x10  Code  Lc  timer_if.o [2]
TIMER_IF_BkUp_Write_Seconds
                         0x800'31d3   0x10  Code  Gb  timer_if.o [2]
TIMER_IF_BkUp_Write_SubSeconds
                         0x800'31e3   0x10  Code  Gb  timer_if.o [2]
TIMER_IF_Convert_Tick2ms
                         0x800'3143   0x16  Code  Gb  timer_if.o [2]
TIMER_IF_Convert_ms2Tick
                         0x800'3125   0x1e  Code  Gb  timer_if.o [2]
TIMER_IF_DelayMs         0x800'3159   0x22  Code  Gb  timer_if.o [2]
TIMER_IF_GetMinimumTimeout
                         0x800'311f    0x6  Code  Gb  timer_if.o [2]
TIMER_IF_GetTime         0x800'3185   0x4e  Code  Gb  timer_if.o [2]
TIMER_IF_GetTimerContext
[...]
parse_number             0x800'7c3d   0xf8  Code  Lc  n_cjson.o [7]
parse_object             0x800'8ac1  0x148  Code  Lc  n_cjson.o [7]
parse_string             0x800'80e1  0x19e  Code  Lc  n_cjson.o [7]
parse_value              0x800'8691  0x142  Code  Lc  n_cjson.o [7]
paused                  0x2000'3390    0x1  Data  Gb  tss.o [6]
pcInterruptPriorityRegisters
                         0x800'05d0    0x4  Data  Lc  port.o [8]
peripherals             0x2000'32dc    0x4  Data  Gb  main.o [2]
peripheralsToResume     0x2000'3304    0x4  Data  Gb  stm32_lpm_if.o [2]
pollPort                 0x800'4559  0x10c  Code  Gb  serial.o [1]
portDesc                 0x800'4539   0x20  Code  Gb  serial.o [1]
pows                     0x800'0190   0x48  Data  Lc  strto64.o [11]
print                    0x800'859d   0xc6  Code  Lc  n_cjson.o [7]
print::default_buffer_size
                         0x800'05cc    0x4  Data  Lc  n_cjson.o [7]
print_array              0x800'89f7   0xca  Code  Lc  n_cjson.o [7]
print_number             0x800'7e1d  0x132  Code  Lc  n_cjson.o [7]
print_object             0x800'8c49  0x204  Code  Lc  n_cjson.o [7]
print_string             0x800'842f   0x10  Code  Lc  n_cjson.o [7]
print_string_ptr         0x800'82b1  0x17e  Code  Lc  n_cjson.o [7]
print_value              0x800'87d9  0x10a  Code  Lc  n_cjson.o [7]
processButton            0x800'2fbb   0x4e  Code  Gb  reqtask.o [1]
processButtonPress      0x2000'338c    0x1  Data  Gb  reqtask.o [1]
processReq               0x800'2e7d  0x12e  Code  Gb  reqtask.o [1]
prvAddCurrentTaskToDelayedList
                         0x800'1b7d   0x6c  Code  Lc  tasks.o [8]
prvAddNewTaskToReadyList
                         0x800'0d0f   0x9e  Code  Lc  tasks.o [8]
prvCheckForValidListAndQueue
                         0x800'2c35   0x4c  Code  Lc  timers.o [8]
prvCheckForValidListAndQueue{1}{2}{3}{4}::ucStaticTimerQueueStorage
                        0x2000'2794   0xa0  Data  Lc  timers.o [8]
prvCheckForValidListAndQueue{1}{2}{3}{4}::xStaticTimerQueue
                        0x2000'2d74   0x50  Data  Lc  timers.o [8]
prvCheckTasksWaitingTermination
                         0x800'1575   0x3e  Code  Lc  tasks.o [8]
prvCopyDataFromQueue     0x800'4003   0x36  Code  Lc  queue.o [8]
prvCopyDataToQueue       0x800'3f67   0x9c  Code  Lc  queue.o [8]
prvDeleteTCB             0x800'1675   0x44  Code  Lc  tasks.o [8]
prvGetDisinheritPriorityAfterTimeout
                         0x800'3f51   0x16  Code  Lc  queue.o [8]
prvGetExpectedIdleTime   0x800'0f2d   0x46  Code  Lc  tasks.o [8]
prvGetNextExpireTime     0x800'29c7   0x28  Code  Lc  timers.o [8]
prvHeapInit              0x800'241b   0x62  Code  Lc  heap_4.o [2]
prvIdleTask              0x800'1481   0x66  Code  Lc  tasks.o [8]
prvInitialiseMutex       0x800'3973   0x22  Code  Lc  queue.o [8]
prvInitialiseNewQueue    0x800'393d   0x36  Code  Lc  queue.o [8]
prvInitialiseNewTask     0x800'0c29   0xe6  Code  Lc  tasks.o [8]
prvInitialiseTaskLists   0x800'1521   0x54  Code  Lc  tasks.o [8]
prvInsertBlockIntoFreeList
                         0x800'247d   0x5e  Code  Lc  heap_4.o [2]
prvInsertTimerInActiveList
                         0x800'2a17   0x52  Code  Lc  timers.o [8]
prvIsQueueEmpty          0x800'40a7   0x1c  Code  Lc  queue.o [8]
prvIsQueueFull           0x800'40c3   0x1e  Code  Lc  queue.o [8]
prvProcessExpiredTimer   0x800'28cb   0x6c  Code  Lc  timers.o [8]
prvProcessReceivedCommands
                         0x800'2a69  0x13e  Code  Lc  timers.o [8]
prvProcessTimerOrBlockTask
                         0x800'2953   0x74  Code  Lc  timers.o [8]
prvResetNextTaskUnblockTime
                         0x800'16b9   0x2a  Code  Lc  tasks.o [8]
prvSampleTimeNow         0x800'29ef   0x28  Code  Lc  timers.o [8]
prvSampleTimeNow::xLastTime
                        0x2000'3364    0x4  Data  Lc  timers.o [8]
prvSwitchTimerLists      0x800'2ba7   0x8e  Code  Lc  timers.o [8]
prvTaskCheckFreeStackSpace
                         0x800'165f   0x16  Code  Lc  tasks.o [8]
prvTaskExitError         0x800'25c5   0x2a  Code  Lc  port.o [8]
prvTimerTask             0x800'2939   0x1a  Code  Lc  timers.o [8]
prvUnlockQueue           0x800'4039   0x6e  Code  Lc  queue.o [8]
pvPortMalloc             0x800'2271  0x128  Code  Gb  heap_4.o [2]
pvTaskIncrementMutexHeldCount
                         0x800'18f9   0x16  Code  Gb  tasks.o [8]
pxCurrentTCB            0x2000'3310    0x4  Data  Gb  tasks.o [8]
pxCurrentTimerList      0x2000'3354    0x4  Data  Lc  timers.o [8]
pxDelayedTaskList       0x2000'3314    0x4  Data  Lc  tasks.o [8]
pxEnd                   0x2000'32c4    0x4  Data  Gb  heap_4.o [2]
pxOverflowDelayedTaskList
                        0x2000'3318    0x4  Data  Lc  tasks.o [8]
pxOverflowTimerList     0x2000'3358    0x4  Data  Lc  timers.o [8]
pxPortInitialiseStack    0x800'259d   0x28  Code  Gb  port.o [8]
pxReadyTasksLists       0x2000'0cd0  0x460  Data  Lc  tasks.o [8]
ranmatch                 0x801'0d07   0x42  Code  Lc  xscanffull_nomb.o [10]
reqButtonPressedISR      0x800'2fab   0x10  Code  Gb  reqtask.o [1]
reqDeferredWork         0x2000'32f0    0x4  Data  Gb  reqtask.o [1]
reqProcess               0x800'4a89  0x1fa  Code  Gb  req.o [1]
reqTask                  0x800'2e11   0x6c  Code  Gb  reqtask.o [1]
reqTaskID               0x2000'0088    0x4  Data  Gb  serial.o [1]
resetUSB                0x2000'338d    0x1  Data  Gb  serial.o [1]
rtcInitialized          0x2000'338f    0x1  Data  Gb  timer_if.o [2]
rtcwutClockrate         0x2000'007c    0x4  Data  Gb  rtc.o [2]
rtcwutCounter           0x2000'32f4    0x4  Data  Gb  rtc.o [2]
rtcwutDivisor           0x2000'0080    0x4  Data  Gb  rtc.o [2]
rxioLPUART1             0x2000'317c   0x14  Data  Gb  usart.o [2]
rxioUSART1              0x2000'3190   0x14  Data  Gb  usart.o [2]
rxioUSART2              0x2000'31a4   0x14  Data  Gb  usart.o [2]
scalbln                  0x801'0fa9         Code  Gb  ldexp.o [11]
scalblnl                 0x801'0fa9         Code  Gb  ldexp.o [11]
scalbn                   0x801'0fa9         Code  Gb  ldexp.o [11]
scalbnl                  0x801'0fa9         Code  Gb  ldexp.o [11]
scale                    0x800'd971   0x46  Code  Lc  xprintflarge_nomb.o [10]
sec_hand                0x2000'3380    0x4  Data  Lc  xfail_s.o [10]
serialInit               0x800'4375   0xf8  Code  Gb  serial.o [1]
serialLock               0x800'466b   0x78  Code  Gb  serial.o [1]
serialOutput             0x800'4735   0xa2  Code  Gb  serial.o [1]
serialOutputLn           0x800'47d7   0x96  Code  Gb  serial.o [1]
serialOutputString       0x800'471b   0x18  Code  Gb  serial.o [1]
serialPoll               0x800'446d   0xae  Code  Gb  serial.o [1]
serialReceivedNotification
                         0x800'451d   0x1c  Code  Gb  serial.o [1]
serialSetReqTaskID       0x800'4665    0x6  Code  Gb  serial.o [1]
serialTaskID            0x2000'0084    0x4  Data  Gb  serial.o [1]
serialUnlock             0x800'46e3   0x38  Code  Gb  serial.o [1]
skip_utf8_bom            0x800'847f   0x42  Code  Lc  n_cjson.o [7]
sleepBeganMs            0x2000'3230    0x8  Data  Gb  app.o [1]
snprintf                 0x800'64b1   0x44  Code  Gb  snprintf.o [10]
sprintf                  0x800'e175   0x40  Code  Gb  sprintf.o [10]
sscanf                   0x800'e1b5   0x28  Code  Gb  sscanf.o [10]
static_file_list_lock   0x2000'3224    0xc  Data  Lc  dlib_lock_glue.o [5]
static_file_lock        0x2000'3394   0x80  Data  Lc  dlib_lock_glue.o [5]
static_system_list_lock
                        0x2000'3218    0xc  Data  Lc  dlib_lock_glue.o [5]
static_system_lock      0x2000'3414   0x40  Data  Lc  dlib_lock_glue.o [5]
stm32_lock_acquire       0x801'18fb   0x3e  Code  Lc  dlib_lock_glue.o [5]
stm32_lock_init          0x801'18d5   0x26  Code  Lc  dlib_lock_glue.o [5]
stm32_lock_release       0x801'1939   0x30  Code  Lc  dlib_lock_glue.o [5]
strchr                   0x800'e1dd         Code  Gb  strchr.o [12]
strcmp                   0x800'e225         Code  Gb  strcmp.o [12]
strcpy                   0x800'e15d         Code  Gb  strcpy.o [12]
strlcat                  0x800'fe19   0x72  Code  Wk  strl.o [6]
strlcpy                  0x800'336d   0x42  Code  Wk  strl.o [6]
strlen                   0x800'4f6d         Code  Gb  strlen.o [12]
strncmp                  0x800'e1f3   0x28  Code  Gb  strncmp.o [10]
strstr                   0x800'90a3   0x2c  Code  Gb  strstr.o [10]
strtod                   0x801'01e1    0x6  Code  Gb  strto64.o [11]
strtold                  0x801'01e1    0x6  Code  Gb  strto64.o [11]
strtoll                  0x801'18b9    0x2  Code  Gb  iar_Stollx.o [10]
strtoull                 0x801'1811    0x2  Code  Gb  iar_Stoullx.o [10]
suffix_object            0x800'8eaf    0x6  Code  Lc  n_cjson.o [7]
takeTimeoutDueMs        0x2000'31d8   0x10  Data  Gb  task.o [6]
taskGive                 0x800'423b   0x2a  Code  Gb  task.o [6]
taskGiveFromISR          0x800'4265   0x1c  Code  Gb  task.o [6]
taskHandle              0x2000'3258    0x8  Data  Gb  task.o [6]
taskID                   0x800'419b   0x2c  Code  Gb  task.o [6]
taskLabel                0x800'4187   0x14  Code  Gb  task.o [6]
taskLetter              0x2000'3388    0x2  Data  Gb  task.o [6]
taskMutexes             0x2000'31b8   0x10  Data  Gb  mutex.o [6]
taskName                0x2000'3260    0x8  Data  Gb  task.o [6]
taskRegister             0x800'4159   0x2e  Code  Gb  task.o [6]
taskResumedMs           0x2000'31e8   0x10  Data  Gb  tss.o [6]
taskStackBytes          0x2000'3268    0x8  Data  Gb  task.o [6]
taskStackStats           0x800'4289   0xba  Code  Gb  task.o [6]
taskSwitches            0x2000'32a0    0x8  Data  Gb  tss.o [6]
taskTake                 0x800'41c7   0x74  Code  Gb  task.o [6]
taskTotalMs             0x2000'31f8   0x10  Data  Gb  tss.o [6]
timeDateStr              0x800'212f   0xc0  Code  Gb  timer.o [6]
timeIsValid              0x800'205b   0x1a  Code  Gb  timer.o [6]
timeIsValidUnix          0x800'2075   0x16  Code  Gb  timer.o [6]
timeMutex               0x2000'0050   0x28  Data  Gb  timer.o [6]
timeSecs                 0x800'208b   0x1a  Code  Gb  timer.o [6]
timerMs                  0x800'2005   0x1a  Code  Gb  timer.o [6]
timerMsElapsed           0x800'202b   0x30  Code  Gb  timer.o [6]
timerMsSleep             0x800'201f    0xc  Code  Gb  timer.o [6]
timerSetBootTime         0x800'1ff5   0x10  Code  Gb  timer.o [6]
tolower                  0x800'e051   0x14  Code  Gb  tolower.o [10]
traceTickStepErrors     0x2000'3280    0x8  Data  Gb  tasks.o [8]
traceTickStepOverflows  0x2000'3278    0x8  Data  Gb  tasks.o [8]
traceTickSteps          0x2000'3270    0x8  Data  Gb  tasks.o [8]
traceTicksDiscarded     0x2000'3288    0x8  Data  Gb  tasks.o [8]
tssBeganMs              0x2000'3298    0x8  Data  Gb  tss.o [6]
tssPostSuspend           0x800'6757   0x3a  Code  Gb  tss.o [6]
tssPreSuspend            0x800'6701   0x56  Code  Gb  tss.o [6]
tssResume                0x800'6791   0x3a  Code  Gb  tss.o [6]
twoDigits                0x800'20a5   0x2e  Code  Lc  timer.o [6]
ucHeap                  0x2000'0118  0xbb8  Data  Gb  heap_4.o [2]
ucMaxSysCallPriority    0x2000'338b    0x1  Data  Lc  port.o [8]
uioReceivedBytes         0x800'6e0f   0x4e  Code  Gb  usart.o [2]
ulMaxPRIGROUPValue      0x2000'32ec    0x4  Data  Lc  port.o [8]
ulStoppedTimerCompensation
                        0x2000'32e8    0x4  Data  Lc  port.o [8]
ulTaskNotifyTake         0x800'190f   0x6c  Code  Gb  tasks.o [8]
ulTimerCountsForOneTick
                        0x2000'32e0    0x4  Data  Lc  port.o [8]
update_offset            0x800'7df5   0x28  Code  Lc  n_cjson.o [7]
usart1BaudRate          0x2000'336c    0x4  Data  Gb  usart.o [2]
usart1Desc              0x2000'2c18   0x58  Data  Gb  serial.o [1]
usart1InterruptBuffer   0x2000'1d80  0x258  Data  Gb  serial.o [1]
usart2BaudRate          0x2000'3370    0x4  Data  Gb  usart.o [2]
usart2Desc              0x2000'2c70   0x58  Data  Gb  serial.o [1]
usart2InterruptBuffer   0x2000'1fd8  0x258  Data  Gb  serial.o [1]
usart2UsingRS485        0x2000'3392    0x1  Data  Gb  usart.o [2]
utf16_literal_to_utf8    0x800'7fa9  0x134  Code  Lc  n_cjson.o [7]
uwTick                  0x2000'330c    0x4  Data  Gb  stm32l4xx_hal.o [4]
uwTickFreq              0x2000'0114    0x1  Data  Gb  stm32l4xx_hal.o [4]
uwTickPrio              0x2000'008c    0x4  Data  Gb  stm32l4xx_hal.o [4]
uxCriticalNesting       0x2000'0078    0x4  Data  Lc  port.o [8]
uxCurrentNumberOfTasks  0x2000'3320    0x4  Data  Lc  tasks.o [8]
uxDeletedTasksWaitingCleanUp
                        0x2000'331c    0x4  Data  Lc  tasks.o [8]
uxListRemove             0x800'2573   0x28  Code  Gb  list.o [8]
uxSchedulerSuspended    0x2000'3348    0x4  Data  Lc  tasks.o [8]
uxTaskNumber            0x2000'333c    0x4  Data  Lc  tasks.o [8]
uxTopReadyPriority      0x2000'3328    0x4  Data  Lc  tasks.o [8]
vApplicationGetIdleTaskMemory
                         0x800'27c5   0x18  Code  Wk  cmsis_os2.o [8]
vApplicationGetIdleTaskMemory::Idle_Stack
                        0x2000'2230  0x200  Data  Lc  cmsis_os2.o [8]
vApplicationGetIdleTaskMemory::Idle_TCB
                        0x2000'2b0c   0x5c  Data  Lc  cmsis_os2.o [8]
vApplicationGetTimerTaskMemory
                         0x800'377d   0x18  Code  Wk  cmsis_os2.o [8]
vApplicationGetTimerTaskMemory::Timer_Stack
                        0x2000'1130  0x400  Data  Lc  cmsis_os2.o [8]
vApplicationGetTimerTaskMemory::Timer_TCB
                        0x2000'2b68   0x5c  Data  Lc  cmsis_os2.o [8]
vListInitialise          0x800'2501   0x1e  Code  Gb  list.o [8]
vListInitialiseItem      0x800'251f    0x6  Code  Gb  list.o [8]
vListInsert              0x800'253d   0x36  Code  Gb  list.o [8]
vListInsertEnd           0x800'2525   0x18  Code  Gb  list.o [8]
vPortEnableVFP           0x800'3761         Code  Gb  portasm.o [8]
vPortEnterCritical       0x800'26bd   0x34  Code  Gb  port.o [8]
vPortExitCritical        0x800'26f1   0x2c  Code  Gb  port.o [8]
vPortFree                0x800'2399   0x7c  Code  Gb  heap_4.o [2]
vPortStartFirstTask      0x800'3741         Code  Gb  portasm.o [8]
vPortSuppressTicksAndSleep
                         0x800'2cb1  0x160  Code  Wk  port.o [8]
vPortValidateInterruptPriority
                         0x800'2745   0x4e  Code  Gb  port.o [8]
vQueueAddToRegistry      0x800'40e1   0x26  Code  Gb  queue.o [8]
vQueueWaitForMessageRestricted
                         0x800'410d   0x4c  Code  Gb  queue.o [8]
vTaskDelay               0x800'0dad   0x4e  Code  Gb  tasks.o [8]
vTaskGetInfo             0x800'15c5   0x9a  Code  Gb  tasks.o [8]
vTaskInternalSetTimeOutState
                         0x800'13d3   0x12  Code  Gb  tasks.o [8]
vTaskMissedYield         0x800'1473    0xa  Code  Gb  tasks.o [8]
vTaskNotifyGiveFromISR   0x800'1ac1   0xbc  Code  Gb  tasks.o [8]
vTaskPlaceOnEventList    0x800'12cb   0x34  Code  Gb  tasks.o [8]
vTaskPlaceOnEventListRestricted
                         0x800'130d   0x40  Code  Gb  tasks.o [8]
vTaskPriorityDisinheritAfterTimeout
                         0x800'1831   0xc8  Code  Gb  tasks.o [8]
vTaskStartScheduler      0x800'0e87   0x9a  Code  Gb  tasks.o [8]
vTaskStepTick            0x800'1065   0xb6  Code  Gb  tasks.o [8]
vTaskSuspendAll          0x800'0f21    0xc  Code  Gb  tasks.o [8]
vTaskSwitchContext       0x800'1251   0x7a  Code  Gb  tasks.o [8]
vector_t                0x2000'2600  0x194  Data  Gb  main.o [2]
vsnprintf                0x800'9371   0x3c  Code  Gb  vsnprint.o [10]
wasStopped              0x2000'338e    0x1  Data  Gb  stm32_lpm_if.o [2]
xActiveTimerList1       0x2000'3154   0x14  Data  Lc  timers.o [8]
xActiveTimerList2       0x2000'3168   0x14  Data  Lc  timers.o [8]
xBlockAllocatedBit      0x2000'32d8    0x4  Data  Gb  heap_4.o [2]
xDelayedTaskList1       0x2000'30f0   0x14  Data  Lc  tasks.o [8]
xDelayedTaskList2       0x2000'3104   0x14  Data  Lc  tasks.o [8]
xFreeBytesRemaining     0x2000'32c8    0x4  Data  Gb  heap_4.o [2]
xHeapStructSize          0x800'037c    0x4  Data  Gb  heap_4.o [2]
xIdleTaskHandle         0x2000'3344    0x4  Data  Lc  tasks.o [8]
xMaximumPossibleSuppressedTicks
                        0x2000'32e4    0x4  Data  Lc  port.o [8]
xMinimumEverFreeBytesRemaining
                        0x2000'32cc    0x4  Data  Gb  heap_4.o [2]
xNextTaskUnblockTime    0x2000'3340    0x4  Data  Lc  tasks.o [8]
xNumOfOverflows         0x2000'3338    0x4  Data  Lc  tasks.o [8]
xNumberOfSuccessfulAllocations
                        0x2000'32d0    0x4  Data  Gb  heap_4.o [2]
xNumberOfSuccessfulFrees
                        0x2000'32d4    0x4  Data  Gb  heap_4.o [2]
xPendedTicks            0x2000'3330    0x4  Data  Lc  tasks.o [8]
xPendingReadyList       0x2000'3118   0x14  Data  Lc  tasks.o [8]
xPortGetFreeHeapSize     0x800'2415    0x6  Code  Gb  heap_4.o [2]
xPortStartScheduler      0x800'25ef   0xce  Code  Gb  port.o [8]
xPortSysTickHandler      0x800'271d   0x28  Code  Gb  port.o [8]
xQueueCreateMutex        0x800'3995   0x20  Code  Gb  queue.o [8]
xQueueGenericCreate      0x800'38eb   0x52  Code  Gb  queue.o [8]
xQueueGenericCreateStatic
                         0x800'3829   0xc2  Code  Gb  queue.o [8]
xQueueGenericReset       0x800'3795   0x94  Code  Gb  queue.o [8]
xQueueGenericSend        0x800'39b5  0x1a6  Code  Gb  queue.o [8]
xQueueGenericSendFromISR
                         0x800'3b5b   0xe4  Code  Gb  queue.o [8]
xQueueReceive            0x800'3c3f  0x16a  Code  Gb  queue.o [8]
xQueueRegistry          0x2000'2fc0   0x40  Data  Gb  queue.o [8]
xQueueSemaphoreTake      0x800'3da9  0x1a2  Code  Gb  queue.o [8]
xSchedulerRunning       0x2000'332c    0x4  Data  Lc  tasks.o [8]
xStart                  0x2000'3240    0x8  Data  Gb  heap_4.o [2]
xSuspendedTaskList      0x2000'3140   0x14  Data  Lc  tasks.o [8]
xTaskCheckForTimeOut     0x800'13e5   0x8e  Code  Gb  tasks.o [8]
xTaskCreate              0x800'0bb7   0x72  Code  Gb  tasks.o [8]
xTaskCreateStatic        0x800'0b1d   0x9a  Code  Gb  tasks.o [8]
xTaskGenericNotify       0x800'1999  0x120  Code  Gb  tasks.o [8]
xTaskGetCurrentTaskHandle
                         0x800'16e3    0x8  Code  Gb  tasks.o [8]
xTaskGetSchedulerState   0x800'16eb   0x20  Code  Gb  tasks.o [8]
xTaskGetTickCount        0x800'1059    0x8  Code  Gb  tasks.o [8]
xTaskIncrementTick       0x800'1139  0x10e  Code  Gb  tasks.o [8]
xTaskPriorityDisinherit
                         0x800'17a1   0x8c  Code  Gb  tasks.o [8]
xTaskPriorityInherit     0x800'1711   0x90  Code  Gb  tasks.o [8]
xTaskRemoveFromEventList
                         0x800'134d   0x86  Code  Gb  tasks.o [8]
xTaskResumeAll           0x800'0f73   0xe6  Code  Gb  tasks.o [8]
xTasksWaitingTermination
                        0x2000'312c   0x14  Data  Lc  tasks.o [8]
xTickCount              0x2000'3324    0x4  Data  Lc  tasks.o [8]
xTimerCreateTimerTask    0x800'27dd   0x6c  Code  Gb  timers.o [8]
xTimerGenericCommand     0x800'2849   0x82  Code  Gb  timers.o [8]
xTimerQueue             0x2000'335c    0x4  Data  Lc  timers.o [8]
xTimerTaskHandle        0x2000'3360    0x4  Data  Lc  timers.o [8]
xYieldPending           0x2000'3334    0x4  Data  Lc  tasks.o [8]


[1] = C:\Users\rozzie\dev\cygnet\System\EWARM\cygnet\Obj\App
[2] = C:\Users\rozzie\dev\cygnet\System\EWARM\cygnet\Obj\Core
[3] = C:\Users\rozzie\dev\cygnet\System\EWARM\cygnet\Obj\Drivers\CMSIS
[4] = C:\Users\rozzie\dev\cygnet\System\EWARM\cygnet\Obj\Drivers\STM32L4xx_HAL_Driver
[5] = C:\Users\rozzie\dev\cygnet\System\EWARM\cygnet\Obj\EWARM
[6] = C:\Users\rozzie\dev\cygnet\System\EWARM\cygnet\Obj\Global
[7] = C:\Users\rozzie\dev\cygnet\System\EWARM\cygnet\Obj\JSON
[8] = C:\Users\rozzie\dev\cygnet\System\EWARM\cygnet\Obj\Middlewares\FreeRTOS
[9] = C:\Users\rozzie\dev\cygnet\System\EWARM\cygnet\Obj\Utilities
[10] = dl7M_tlf.a
[11] = m7M_tls.a
[12] = rt7M_tl.a
[13] = shb_l.a
[14] = th7M_tlf.a

  71'775 bytes of readonly  code memory
   2'205 bytes of readonly  data memory
  14'416 bytes of readwrite data memory

Errors: none
Warnings: none
